Component: ARM Compiler 5.06 update 5 (build 528) Tool: armlink [4d35e2]

==============================================================================

Section Cross References

    startup_stm32l4r7xx.o(RESET) refers to startup_stm32l4r7xx.o(STACK) for __initial_sp
    startup_stm32l4r7xx.o(RESET) refers to startup_stm32l4r7xx.o(.text) for Reset_Handler
    startup_stm32l4r7xx.o(RESET) refers to stm32l4xx_it.o(i.NMI_Handler) for NMI_Handler
    startup_stm32l4r7xx.o(RESET) refers to stm32l4xx_it.o(i.HardFault_Handler) for HardFault_Handler
    startup_stm32l4r7xx.o(RESET) refers to stm32l4xx_it.o(i.MemManage_Handler) for MemManage_Handler
    startup_stm32l4r7xx.o(RESET) refers to stm32l4xx_it.o(i.BusFault_Handler) for BusFault_Handler
    startup_stm32l4r7xx.o(RESET) refers to stm32l4xx_it.o(i.UsageFault_Handler) for UsageFault_Handler
    startup_stm32l4r7xx.o(RESET) refers to stm32l4xx_it.o(i.SVC_Handler) for SVC_Handler
    startup_stm32l4r7xx.o(RESET) refers to stm32l4xx_it.o(i.DebugMon_Handler) for DebugMon_Handler
    startup_stm32l4r7xx.o(RESET) refers to stm32l4xx_it.o(i.PendSV_Handler) for PendSV_Handler
    startup_stm32l4r7xx.o(RESET) refers to stm32l4xx_it.o(i.SysTick_Handler) for SysTick_Handler
    startup_stm32l4r7xx.o(RESET) refers to stm32l4xx_it.o(i.EXTI0_IRQHandler) for EXTI0_IRQHandler
    startup_stm32l4r7xx.o(RESET) refers to stm32l4xx_it.o(i.DMA1_Channel1_IRQHandler) for DMA1_Channel1_IRQHandler
    startup_stm32l4r7xx.o(RESET) refers to stm32l4xx_it.o(i.ADC1_IRQHandler) for ADC1_IRQHandler
    startup_stm32l4r7xx.o(RESET) refers to stm32l4xx_it.o(i.SDMMC1_IRQHandler) for SDMMC1_IRQHandler
    startup_stm32l4r7xx.o(RESET) refers to stm32l4xx_it.o(i.DMA2_Channel1_IRQHandler) for DMA2_Channel1_IRQHandler
    startup_stm32l4r7xx.o(RESET) refers to stm32l4xx_it.o(i.DMA2_Channel2_IRQHandler) for DMA2_Channel2_IRQHandler
    startup_stm32l4r7xx.o(RESET) refers to stm32l4xx_it.o(i.DMA2_Channel3_IRQHandler) for DMA2_Channel3_IRQHandler
    startup_stm32l4r7xx.o(RESET) refers to stm32l4xx_it.o(i.LPTIM1_IRQHandler) for LPTIM1_IRQHandler
    startup_stm32l4r7xx.o(RESET) refers to stm32l4xx_it.o(i.LPTIM2_IRQHandler) for LPTIM2_IRQHandler
    startup_stm32l4r7xx.o(RESET) refers to stm32l4xx_it.o(i.LPUART1_IRQHandler) for LPUART1_IRQHandler
    startup_stm32l4r7xx.o(.text) refers to system_stm32l4xx.o(i.SystemInit) for SystemInit
    startup_stm32l4r7xx.o(.text) refers to entry.o(.ARM.Collect$$$$00000000) for __main
    main.o(i.Error_Handler) refers to stm32l4xx_hal.o(i.HAL_Delay) for HAL_Delay
    main.o(i.SystemClock_Config) refers to memseta.o(.text) for __aeabi_memclr4
    main.o(i.SystemClock_Config) refers to stm32l4xx_hal_pwr_ex.o(i.HAL_PWREx_ControlVoltageScaling) for HAL_PWREx_ControlVoltageScaling
    main.o(i.SystemClock_Config) refers to main.o(i.Error_Handler) for Error_Handler
    main.o(i.SystemClock_Config) refers to stm32l4xx_hal_rcc.o(i.HAL_RCC_OscConfig) for HAL_RCC_OscConfig
    main.o(i.SystemClock_Config) refers to stm32l4xx_hal_rcc.o(i.HAL_RCC_ClockConfig) for HAL_RCC_ClockConfig
    main.o(i.SystemClock_Config) refers to stm32l4xx_hal_rcc_ex.o(i.HAL_RCCEx_PeriphCLKConfig) for HAL_RCCEx_PeriphCLKConfig
    main.o(i.calc_FFT) refers to scheduler.o(i.read_from_buffer) for read_from_buffer
    main.o(i.calc_FFT) refers to arm_rfft_fast_f32.o(.text.arm_rfft_fast_f32) for arm_rfft_fast_f32
    main.o(i.calc_FFT) refers to arm_cmplx_mag_f32.o(.text.arm_cmplx_mag_f32) for arm_cmplx_mag_f32
    main.o(i.calc_FFT) refers to scheduler.o(i.write_to_buffer) for write_to_buffer
    main.o(i.calc_FFT) refers to arm_mult_f32.o(.text.arm_mult_f32) for arm_mult_f32
    main.o(i.calc_FFT) refers to arm_scale_f32.o(.text.arm_scale_f32) for arm_scale_f32
    main.o(i.calc_FFT) refers to main.o(.bss) for fft_out_buff
    main.o(i.calc_FFT) refers to main.o(.data) for freq_corr_coeff
    main.o(i.calc_optics) refers to scheduler.o(i.read_from_buffer) for read_from_buffer
    main.o(i.calc_optics) refers to memcpya.o(.text) for __aeabi_memcpy
    main.o(i.calc_optics) refers to optics.o(i.optics) for optics
    main.o(i.calc_optics) refers to optics.o(i.gradientClustering) for gradientClustering
    main.o(i.calc_optics) refers to optics.o(i.getClusterIndices) for getClusterIndices
    main.o(i.calc_optics) refers to optics.o(i.opticsMerging) for opticsMerging
    main.o(i.calc_optics) refers to optics.o(i.featureExtraction) for featureExtraction
    main.o(i.calc_optics) refers to scheduler.o(i.write_to_buffer) for write_to_buffer
    main.o(i.calc_optics) refers to main.o(.bss) for coreDistList
    main.o(i.calc_optics) refers to main.o(.data) for data_freq
    main.o(i.find_peaks) refers to scheduler.o(i.read_from_buffer) for read_from_buffer
    main.o(i.find_peaks) refers to scheduler.o(i.write_to_buffer) for write_to_buffer
    main.o(i.find_peaks) refers to main.o(.bss) for fft_freqs
[...]
    __I$use$fp                               0x08000351   Thumb Code     0  iusefp.o(.text)
    _float_round                             0x08000351   Thumb Code    18  fepilogue.o(.text)
    _float_epilogue                          0x08000363   Thumb Code    92  fepilogue.o(.text)
    __scatterload                            0x080003c1   Thumb Code    28  init.o(.text)
    __scatterload_rt2                        0x080003c1   Thumb Code     0  init.o(.text)
    __aeabi_dadd                             0x080003e5   Thumb Code   322  dadd.o(.text)
    __aeabi_dsub                             0x08000527   Thumb Code     6  dadd.o(.text)
    __aeabi_drsub                            0x0800052d   Thumb Code     6  dadd.o(.text)
    __aeabi_dmul                             0x08000543   Thumb Code   228  dmul.o(.text)
    __aeabi_ddiv                             0x0800062d   Thumb Code   222  ddiv.o(.text)
    __aeabi_i2d                              0x0800070b   Thumb Code    34  dflti.o(.text)
    __aeabi_ui2d                             0x0800072d   Thumb Code    26  dfltui.o(.text)
    __aeabi_d2iz                             0x08000747   Thumb Code    62  dfixi.o(.text)
    __aeabi_lasr                             0x08000785   Thumb Code    36  llsshr.o(.text)
    _ll_sshift_r                             0x08000785   Thumb Code     0  llsshr.o(.text)
    _double_round                            0x080007a9   Thumb Code    30  depilogue.o(.text)
    _double_epilogue                         0x080007c7   Thumb Code   156  depilogue.o(.text)
    __decompress                             0x08000863   Thumb Code     0  __dclz77c.o(.text)
    __decompress2                            0x08000863   Thumb Code    94  __dclz77c.o(.text)
    arm_bitreversal_32                       0x080008c1   Thumb Code    68  arm_bitreversal2.o(.text.arm_bitreversal_32)
    arm_cfft_f32                             0x08000905   Thumb Code   224  arm_cfft_f32.o(.text.arm_cfft_f32)
    arm_cfft_init_f32                        0x080009e5   Thumb Code   180  arm_cfft_init_f32.o(.text.arm_cfft_init_f32)
    arm_cfft_radix8by2_f32                   0x08000a99   Thumb Code   408  arm_cfft_f32.o(.text.arm_cfft_radix8by2_f32)
    arm_cfft_radix8by4_f32                   0x08000c31   Thumb Code  1020  arm_cfft_f32.o(.text.arm_cfft_radix8by4_f32)
    arm_cmplx_mag_f32                        0x08001039   Thumb Code   340  arm_cmplx_mag_f32.o(.text.arm_cmplx_mag_f32)
    arm_max_f32                              0x0800118d   Thumb Code   188  arm_max_f32.o(.text.arm_max_f32)
    arm_mult_f32                             0x08001249   Thumb Code   142  arm_mult_f32.o(.text.arm_mult_f32)
    arm_radix8_butterfly_f32                 0x080012d9   Thumb Code  1458  arm_cfft_radix8_f32.o(.text.arm_radix8_butterfly_f32)
    arm_rfft_fast_f32                        0x080019df   Thumb Code    70  arm_rfft_fast_f32.o(.text.arm_rfft_fast_f32)
    arm_rfft_fast_init_f32                   0x08001a25   Thumb Code   144  arm_rfft_fast_init_f32.o(.text.arm_rfft_fast_init_f32)
    arm_scale_f32                            0x08001ab5   Thumb Code   102  arm_scale_f32.o(.text.arm_scale_f32)
    merge_rfft_f32                           0x08001b1d   Thumb Code   180  arm_rfft_fast_f32.o(.text.merge_rfft_f32)
    stage_rfft_f32                           0x08001bd1   Thumb Code   180  arm_rfft_fast_f32.o(.text.stage_rfft_f32)
    ADC1_IRQHandler                          0x08001c85   Thumb Code    40  stm32l4xx_it.o(i.ADC1_IRQHandler)
    BSP_SD_GetCardInfo                       0x08001cb5   Thumb Code    14  bsp_driver_sd.o(i.BSP_SD_GetCardInfo)
    BSP_SD_GetCardState                      0x08001cc9   Thumb Code    20  bsp_driver_sd.o(i.BSP_SD_GetCardState)
    BSP_SD_Init                              0x08001ce1   Thumb Code    44  bsp_driver_sd.o(i.BSP_SD_Init)
    BSP_SD_IsDetected                        0x08001d11   Thumb Code    12  bsp_driver_sd.o(i.BSP_SD_IsDetected)
    BSP_SD_ReadBlocks                        0x08001d1d   Thumb Code    42  bsp_driver_sd.o(i.BSP_SD_ReadBlocks)
    BSP_SD_ReadCpltCallback                  0x08001d4d   Thumb Code     2  bsp_driver_sd.o(i.BSP_SD_ReadCpltCallback)
    BSP_SD_WriteBlocks                       0x08001d51   Thumb Code    42  bsp_driver_sd.o(i.BSP_SD_WriteBlocks)
    BSP_SD_WriteBlocks_DMA                   0x08001d81   Thumb Code    34  bsp_driver_sd.o(i.BSP_SD_WriteBlocks_DMA)
    BSP_SD_WriteCpltCallback                 0x08001da9   Thumb Code    26  stm32l4xx_it.o(i.BSP_SD_WriteCpltCallback)
    BusFault_Handler                         0x08001dcd   Thumb Code    10  stm32l4xx_it.o(i.BusFault_Handler)
    DMA1_Channel1_IRQHandler                 0x08001dd9   Thumb Code   314  stm32l4xx_it.o(i.DMA1_Channel1_IRQHandler)
    DMA2_Channel1_IRQHandler                 0x08001f41   Thumb Code   242  stm32l4xx_it.o(i.DMA2_Channel1_IRQHandler)
    DMA2_Channel2_IRQHandler                 0x08002069   Thumb Code    32  stm32l4xx_it.o(i.DMA2_Channel2_IRQHandler)
    DMA2_Channel3_IRQHandler                 0x08002099   Thumb Code    38  stm32l4xx_it.o(i.DMA2_Channel3_IRQHandler)
    DebugMon_Handler                         0x080020c9   Thumb Code     2  stm32l4xx_it.o(i.DebugMon_Handler)
    EXTI0_IRQHandler                         0x080020cd   Thumb Code    50  stm32l4xx_it.o(i.EXTI0_IRQHandler)
    Error_Handler                            0x08002115   Thumb Code    12  main.o(i.Error_Handler)
    FATFS_LinkDriver                         0x08002121   Thumb Code    18  ff_gen_drv.o(i.FATFS_LinkDriver)
    FATFS_LinkDriverEx                       0x08002135   Thumb Code    78  ff_gen_drv.o(i.FATFS_LinkDriverEx)
    HAL_Delay                                0x08002189   Thumb Code    36  stm32l4xx_hal.o(i.HAL_Delay)
    HAL_GPIO_Init                            0x080021b1   Thumb Code   458  stm32l4xx_hal_gpio.o(i.HAL_GPIO_Init)
    HAL_GPIO_WritePin                        0x080023a5   Thumb Code    10  stm32l4xx_hal_gpio.o(i.HAL_GPIO_WritePin)
    HAL_GetTick                              0x080023b1   Thumb Code     6  stm32l4xx_hal.o(i.HAL_GetTick)
    HAL_IncTick                              0x080023bd   Thumb Code    16  stm32l4xx_hal.o(i.HAL_IncTick)
    HAL_Init                                 0x080023d5   Thumb Code    42  stm32l4xx_hal.o(i.HAL_Init)
    HAL_InitTick                             0x08002405   Thumb Code    74  stm32l4xx_hal.o(i.HAL_InitTick)
    HAL_MspInit                              0x0800245d   Thumb Code    58  stm32l4xx_hal_msp.o(i.HAL_MspInit)
    HAL_NVIC_EnableIRQ                       0x0800249d   Thumb Code    40  stm32l4xx_hal_cortex.o(i.HAL_NVIC_EnableIRQ)
    HAL_NVIC_SetPriority                     0x080024c5   Thumb Code   124  stm32l4xx_hal_cortex.o(i.HAL_NVIC_SetPriority)
    HAL_NVIC_SetPriorityGrouping             0x08002549   Thumb Code    32  stm32l4xx_hal_cortex.o(i.HAL_NVIC_SetPriorityGrouping)
    HAL_PWREx_ControlVoltageScaling          0x08002571   Thumb Code   268  stm32l4xx_hal_pwr_ex.o(i.HAL_PWREx_ControlVoltageScaling)
    HAL_PWREx_DisableLowPowerRunMode         0x08002689   Thumb Code    72  stm32l4xx_hal_pwr_ex.o(i.HAL_PWREx_DisableLowPowerRunMode)
    HAL_PWREx_EnableLowPowerRunMode          0x080026dd   Thumb Code    14  stm32l4xx_hal_pwr_ex.o(i.HAL_PWREx_EnableLowPowerRunMode)
    HAL_PWREx_GetVoltageRange                0x080026f1   Thumb Code    46  stm32l4xx_hal_pwr_ex.o(i.HAL_PWREx_GetVoltageRange)
    HAL_PWR_EnterSLEEPMode                   0x08002725   Thumb Code    74  stm32l4xx_hal_pwr.o(i.HAL_PWR_EnterSLEEPMode)
    HAL_RCCEx_GetPeriphCLKFreq               0x08002779   Thumb Code  2626  stm32l4xx_hal_rcc_ex.o(i.HAL_RCCEx_GetPeriphCLKFreq)
    HAL_RCCEx_PeriphCLKConfig                0x080031c9   Thumb Code  1484  stm32l4xx_hal_rcc_ex.o(i.HAL_RCCEx_PeriphCLKConfig)
    HAL_RCC_ClockConfig                      0x08003799   Thumb Code   482  stm32l4xx_hal_rcc.o(i.HAL_RCC_ClockConfig)
    HAL_RCC_GetHCLKFreq                      0x08003995   Thumb Code     6  stm32l4xx_hal_rcc.o(i.HAL_RCC_GetHCLKFreq)
    HAL_RCC_GetPCLK1Freq                     0x080039a1   Thumb Code    26  stm32l4xx_hal_rcc.o(i.HAL_RCC_GetPCLK1Freq)
    HAL_RCC_GetPCLK2Freq                     0x080039c5   Thumb Code    26  stm32l4xx_hal_rcc.o(i.HAL_RCC_GetPCLK2Freq)
    HAL_RCC_GetSysClockFreq                  0x080039e9   Thumb Code   220  stm32l4xx_hal_rcc.o(i.HAL_RCC_GetSysClockFreq)
    HAL_RCC_OscConfig                        0x08003ad5   Thumb Code  1778  stm32l4xx_hal_rcc.o(i.HAL_RCC_OscConfig)
    HAL_ResumeTick                           0x080041d9   Thumb Code    18  stm32l4xx_hal.o(i.HAL_ResumeTick)
    HAL_SDEx_Read_DMADoubleBuffer0CpltCallback 0x080041eb   Thumb Code     2  stm32l4xx_hal_sd_ex.o(i.HAL_SDEx_Read_DMADoubleBuffer0CpltCallback)
    HAL_SDEx_Read_DMADoubleBuffer1CpltCallback 0x080041ed   Thumb Code     2  stm32l4xx_hal_sd_ex.o(i.HAL_SDEx_Read_DMADoubleBuffer1CpltCallback)
    HAL_SDEx_Write_DMADoubleBuffer0CpltCallback 0x080041ef   Thumb Code     2  stm32l4xx_hal_sd_ex.o(i.HAL_SDEx_Write_DMADoubleBuffer0CpltCallback)
    HAL_SDEx_Write_DMADoubleBuffer1CpltCallback 0x080041f1   Thumb Code     2  stm32l4xx_hal_sd_ex.o(i.HAL_SDEx_Write_DMADoubleBuffer1CpltCallback)
    HAL_SD_ConfigWideBusOperation            0x080041f5   Thumb Code   226  stm32l4xx_hal_sd.o(i.HAL_SD_ConfigWideBusOperation)
    HAL_SD_ErrorCallback                     0x080042dd   Thumb Code     2  stm32l4xx_hal_sd.o(i.HAL_SD_ErrorCallback)
    HAL_SD_GetCardCSD                        0x080042e1   Thumb Code   450  stm32l4xx_hal_sd.o(i.HAL_SD_GetCardCSD)
    HAL_SD_GetCardInfo                       0x080044a9   Thumb Code    38  stm32l4xx_hal_sd.o(i.HAL_SD_GetCardInfo)
    HAL_SD_GetCardState                      0x080044cf   Thumb Code    36  stm32l4xx_hal_sd.o(i.HAL_SD_GetCardState)
    HAL_SD_GetCardStatus                     0x080044f5   Thumb Code   216  stm32l4xx_hal_sd.o(i.HAL_SD_GetCardStatus)
    HAL_SD_IRQHandler                        0x080045d1   Thumb Code   622  stm32l4xx_hal_sd.o(i.HAL_SD_IRQHandler)
    HAL_SD_Init                              0x08004845   Thumb Code   178  stm32l4xx_hal_sd.o(i.HAL_SD_Init)
    HAL_SD_InitCard                          0x080048f9   Thumb Code   228  stm32l4xx_hal_sd.o(i.HAL_SD_InitCard)
    HAL_SD_MspInit                           0x080049e9   Thumb Code   210  stm32l4xx_hal_msp.o(i.HAL_SD_MspInit)
    HAL_SD_ReadBlocks                        0x08004acd   Thumb Code   572  stm32l4xx_hal_sd.o(i.HAL_SD_ReadBlocks)
    HAL_SD_RxCpltCallback                    0x08004d17   Thumb Code    10  bsp_driver_sd.o(i.HAL_SD_RxCpltCallback)
    HAL_SD_TxCpltCallback                    0x08004d21   Thumb Code    10  bsp_driver_sd.o(i.HAL_SD_TxCpltCallback)
    HAL_SD_WriteBlocks                       0x08004d2d   Thumb Code   574  stm32l4xx_hal_sd.o(i.HAL_SD_WriteBlocks)
    HAL_SD_WriteBlocks_DMA                   0x08004f7d   Thumb Code   230  stm32l4xx_hal_sd.o(i.HAL_SD_WriteBlocks_DMA)
    HAL_SYSTICK_Config                       0x08005069   Thumb Code    52  stm32l4xx_hal_cortex.o(i.HAL_SYSTICK_Config)
    HAL_SuspendTick                          0x0800509d   Thumb Code    18  stm32l4xx_hal.o(i.HAL_SuspendTick)
    HardFault_Handler                        0x080050af   Thumb Code     4  stm32l4xx_it.o(i.HardFault_Handler)
    LPTIM1_IRQHandler                        0x080050b5   Thumb Code    78  stm32l4xx_it.o(i.LPTIM1_IRQHandler)
    LPTIM2_IRQHandler                        0x08005115   Thumb Code    38  stm32l4xx_it.o(i.LPTIM2_IRQHandler)
    LPUART1_IRQHandler                       0x08005149   Thumb Code   192  stm32l4xx_it.o(i.LPUART1_IRQHandler)
    MX_DMA_Init                              0x0800521d   Thumb Code   148  setup.o(i.MX_DMA_Init)
    MX_FATFS_Init                            0x080052b5   Thumb Code    16  fatfs.o(i.MX_FATFS_Init)
    MX_SDMMC1_SD_Init                        0x080052d1   Thumb Code    34  setup.o(i.MX_SDMMC1_SD_Init)
    MemManage_Handler                        0x080052fd   Thumb Code     4  stm32l4xx_it.o(i.MemManage_Handler)
    NMI_Handler                              0x08005301   Thumb Code     2  stm32l4xx_it.o(i.NMI_Handler)
    PendSV_Handler                           0x08005303   Thumb Code     2  stm32l4xx_it.o(i.PendSV_Handler)
    REG_ADS_Init                             0x080058a5   Thumb Code   424  setup.o(i.REG_ADS_Init)
    REG_BAT_ADC_Init                         0x08005a65   Thumb Code   212  setup.o(i.REG_BAT_ADC_Init)
    REG_GPIO_Init                            0x08005b49   Thumb Code   164  setup.o(i.REG_GPIO_Init)
    REG_I2C1_Init                            0x08005bfd   Thumb Code   292  setup.o(i.REG_I2C1_Init)
    REG_LPTIM1_Init                          0x08005d45   Thumb Code    78  setup.o(i.REG_LPTIM1_Init)
    REG_LPTIM2_Init                          0x08005d9d   Thumb Code    76  setup.o(i.REG_LPTIM2_Init)
    REG_LPUART1_Init                         0x08005df1   Thumb Code   190  setup.o(i.REG_LPUART1_Init)
    REG_OCTOSPI_Init                         0x08005ebd   Thumb Code   222  setup.o(i.REG_OCTOSPI_Init)
    REG_TIM2_Init                            0x08005fb9   Thumb Code   198  setup.o(i.REG_TIM2_Init)
    SDMMC1_IRQHandler                        0x0800608d   Thumb Code    10  stm32l4xx_it.o(i.SDMMC1_IRQHandler)
    SDMMC_CmdAppCommand                      0x0800609d   Thumb Code    58  stm32l4xx_ll_sdmmc.o(i.SDMMC_CmdAppCommand)
    SDMMC_CmdAppOperCommand                  0x080060d7   Thumb Code    52  stm32l4xx_ll_sdmmc.o(i.SDMMC_CmdAppOperCommand)
    SDMMC_CmdBlockLength                     0x0800610b   Thumb Code    56  stm32l4xx_ll_sdmmc.o(i.SDMMC_CmdBlockLength)
    SDMMC_CmdBusWidth                        0x08006143   Thumb Code    58  stm32l4xx_ll_sdmmc.o(i.SDMMC_CmdBusWidth)
    SDMMC_CmdGoIdleState                     0x0800617d   Thumb Code    44  stm32l4xx_ll_sdmmc.o(i.SDMMC_CmdGoIdleState)
    SDMMC_CmdOperCond                        0x080061a9   Thumb Code    52  stm32l4xx_ll_sdmmc.o(i.SDMMC_CmdOperCond)
    SDMMC_CmdReadMultiBlock                  0x080061dd   Thumb Code    58  stm32l4xx_ll_sdmmc.o(i.SDMMC_CmdReadMultiBlock)
    SDMMC_CmdReadSingleBlock                 0x08006217   Thumb Code    58  stm32l4xx_ll_sdmmc.o(i.SDMMC_CmdReadSingleBlock)
    SDMMC_CmdSelDesel                        0x08006251   Thumb Code    60  stm32l4xx_ll_sdmmc.o(i.SDMMC_CmdSelDesel)
    SDMMC_CmdSendCID                         0x0800628d   Thumb Code    52  stm32l4xx_ll_sdmmc.o(i.SDMMC_CmdSendCID)
    SDMMC_CmdSendCSD                         0x080062c1   Thumb Code    52  stm32l4xx_ll_sdmmc.o(i.SDMMC_CmdSendCSD)
    SDMMC_CmdSendSCR                         0x080062f5   Thumb Code    58  stm32l4xx_ll_sdmmc.o(i.SDMMC_CmdSendSCR)
    SDMMC_CmdSendStatus                      0x0800632f   Thumb Code    58  stm32l4xx_ll_sdmmc.o(i.SDMMC_CmdSendStatus)
    SDMMC_CmdSetRelAdd                       0x08006369   Thumb Code    58  stm32l4xx_ll_sdmmc.o(i.SDMMC_CmdSetRelAdd)
    SDMMC_CmdStatusRegister                  0x080063a3   Thumb Code    58  stm32l4xx_ll_sdmmc.o(i.SDMMC_CmdStatusRegister)
    SDMMC_CmdStopTransfer                    0x080063dd   Thumb Code    80  stm32l4xx_ll_sdmmc.o(i.SDMMC_CmdStopTransfer)
    SDMMC_CmdVoltageSwitch                   0x08006431   Thumb Code    58  stm32l4xx_ll_sdmmc.o(i.SDMMC_CmdVoltageSwitch)
    SDMMC_CmdWriteMultiBlock                 0x0800646b   Thumb Code    58  stm32l4xx_ll_sdmmc.o(i.SDMMC_CmdWriteMultiBlock)
    SDMMC_CmdWriteSingleBlock                0x080064a5   Thumb Code    58  stm32l4xx_ll_sdmmc.o(i.SDMMC_CmdWriteSingleBlock)
    SDMMC_ConfigData                         0x080064df   Thumb Code    44  stm32l4xx_ll_sdmmc.o(i.SDMMC_ConfigData)
    SDMMC_GetCmdResp1                        0x08006551   Thumb Code   420  stm32l4xx_ll_sdmmc.o(i.SDMMC_GetCmdResp1)
    SDMMC_GetCmdResp2                        0x08006701   Thumb Code    96  stm32l4xx_ll_sdmmc.o(i.SDMMC_GetCmdResp2)
    SDMMC_GetCmdResp3                        0x08006769   Thumb Code    82  stm32l4xx_ll_sdmmc.o(i.SDMMC_GetCmdResp3)
    SDMMC_GetCmdResp6                        0x080067c5   Thumb Code   180  stm32l4xx_ll_sdmmc.o(i.SDMMC_GetCmdResp6)
    SDMMC_GetCmdResp7                        0x08006881   Thumb Code   104  stm32l4xx_ll_sdmmc.o(i.SDMMC_GetCmdResp7)
    SDMMC_GetCommandResponse                 0x080068ed   Thumb Code     8  stm32l4xx_ll_sdmmc.o(i.SDMMC_GetCommandResponse)
    SDMMC_GetPowerState                      0x080068f5   Thumb Code    10  stm32l4xx_ll_sdmmc.o(i.SDMMC_GetPowerState)
    SDMMC_GetResponse                        0x080068ff   Thumb Code    12  stm32l4xx_ll_sdmmc.o(i.SDMMC_GetResponse)
    SDMMC_Init                               0x0800690d   Thumb Code    46  stm32l4xx_ll_sdmmc.o(i.SDMMC_Init)
    SDMMC_PowerState_ON                      0x08006941   Thumb Code    22  stm32l4xx_ll_sdmmc.o(i.SDMMC_PowerState_ON)
    SDMMC_ReadFIFO                           0x08006957   Thumb Code     8  stm32l4xx_ll_sdmmc.o(i.SDMMC_ReadFIFO)
    SDMMC_SendCommand                        0x08006961   Thumb Code    40  stm32l4xx_ll_sdmmc.o(i.SDMMC_SendCommand)
    SDMMC_WriteFIFO                          0x0800698d   Thumb Code    12  stm32l4xx_ll_sdmmc.o(i.SDMMC_WriteFIFO)
    SD_initialize                            0x08007041   Thumb Code    32  sd_diskio.o(i.SD_initialize)
    SD_ioctl                                 0x08007065   Thumb Code   102  sd_diskio.o(i.SD_ioctl)
    SD_read                                  0x080070d1   Thumb Code    46  sd_diskio.o(i.SD_read)
    SD_status                                0x080070ff   Thumb Code    12  sd_diskio.o(i.SD_status)
    SD_write                                 0x0800710b   Thumb Code    70  sd_diskio.o(i.SD_write)
    SVC_Handler                              0x08007151   Thumb Code     2  stm32l4xx_it.o(i.SVC_Handler)
    SysTick_Handler                          0x08007153   Thumb Code     8  stm32l4xx_it.o(i.SysTick_Handler)
    SystemClock_Config                       0x0800715d   Thumb Code   218  main.o(i.SystemClock_Config)
    SystemInit                               0x08007241   Thumb Code    68  system_stm32l4xx.o(i.SystemInit)
    UsageFault_Handler                       0x08007291   Thumb Code     4  stm32l4xx_it.o(i.UsageFault_Handler)
    __ARM_fpclassify                         0x08007295   Thumb Code    48  fpclassify.o(i.__ARM_fpclassify)
    __hardfp_cos                             0x08007301   Thumb Code   180  cos.o(i.__hardfp_cos)
    __hardfp_sqrtf                           0x080073c9   Thumb Code    58  sqrtf.o(i.__hardfp_sqrtf)
    __ieee754_rem_pio2                       0x08007409   Thumb Code   938  rred.o(i.__ieee754_rem_pio2)
    __kernel_cos                             0x08007849   Thumb Code   322  cos_i.o(i.__kernel_cos)
    __kernel_poly                            0x080079b9   Thumb Code   248  poly.o(i.__kernel_poly)
    __kernel_sin                             0x08007ab1   Thumb Code   280  sin_i.o(i.__kernel_sin)
    __mathlib_dbl_infnan                     0x08007bf9   Thumb Code    20  dunder.o(i.__mathlib_dbl_infnan)
    __mathlib_dbl_invalid                    0x08007c11   Thumb Code    24  dunder.o(i.__mathlib_dbl_invalid)
    __mathlib_dbl_underflow                  0x08007c31   Thumb Code    24  dunder.o(i.__mathlib_dbl_underflow)
    __scatterload_copy                       0x08007c51   Thumb Code    14  handlers.o(i.__scatterload_copy)
    __scatterload_null                       0x08007c5f   Thumb Code     2  handlers.o(i.__scatterload_null)
    __scatterload_zeroinit                   0x08007c61   Thumb Code    14  handlers.o(i.__scatterload_zeroinit)
    __set_errno                              0x08007c71   Thumb Code     6  errno.o(i.__set_errno)
    block_task                               0x08007c7d   Thumb Code    74  scheduler.o(i.block_task)
    calcCoreDist                             0x08007cd1   Thumb Code    92  optics.o(i.calcCoreDist)
    calc_FFT                                 0x08007d31   Thumb Code   204  main.o(i.calc_FFT)
    calc_optics                              0x08007e11   Thumb Code  1316  main.o(i.calc_optics)
    check_blocking                           0x080083dd   Thumb Code   136  scheduler.o(i.check_blocking)
    check_new                                0x08008509   Thumb Code    54  scheduler.o(i.check_new)
    disk_initialize                          0x08009179   Thumb Code    40  diskio.o(i.disk_initialize)
    disk_ioctl                               0x080091a5   Thumb Code    36  diskio.o(i.disk_ioctl)
    disk_read                                0x080091cd   Thumb Code    42  diskio.o(i.disk_read)
    disk_status                              0x080091fd   Thumb Code    24  diskio.o(i.disk_status)
    disk_write                               0x08009219   Thumb Code    42  diskio.o(i.disk_write)
    f_mount                                  0x08009249   Thumb Code    86  ff.o(i.f_mount)
    f_open                                   0x080092a5   Thumb Code   862  ff.o(i.f_open)
    f_read                                   0x08009609   Thumb Code   484  ff.o(i.f_read)
    f_sync                                   0x080097f3   Thumb Code   382  ff.o(i.f_sync)
    f_write_DMA                              0x08009971   Thumb Code   666  ff.o(i.f_write_DMA)
    fabs                                     0x08009c11   Thumb Code    24  fabs.o(i.fabs)
    featureExtraction                        0x08009c29   Thumb Code   830  optics.o(i.featureExtraction)
    ff_convert                               0x08009fad   Thumb Code    70  ccsbcs.o(i.ff_convert)
    ff_wtoupper                              0x08009ff9   Thumb Code   156  ccsbcs.o(i.ff_wtoupper)
    find_peaks                               0x0800a1c1   Thumb Code   776  main.o(i.find_peaks)
    getClusterIndices                        0x0800ab01   Thumb Code    68  optics.o(i.getClusterIndices)
    getNeighbors                             0x0800ab55   Thumb Code   196  optics.o(i.getNeighbors)
    getUnproces                              0x0800ac29   Thumb Code    30  optics.o(i.getUnproces)
    get_fattime                              0x0800add9   Thumb Code     4  fatfs.o(i.get_fattime)
    gradientClustering                       0x0800ae25   Thumb Code  1602  optics.o(i.gradientClustering)
    gradientDet                              0x0800b477   Thumb Code    22  optics.o(i.gradientDet)
    inflectionIndex                          0x0800b48d   Thumb Code    92  optics.o(i.inflectionIndex)
    init_buffer                              0x0800b6b9   Thumb Code    68  scheduler.o(i.init_buffer)
    main                                     0x0800b8e9   Thumb Code   818  main.o(i.main)
    malloc                                   0x0800bcc9   Thumb Code    92  malloc.o(i.malloc)
    new_to_queue                             0x0800bdb9   Thumb Code    64  scheduler.o(i.new_to_queue)
    optics                                   0x0800be01   Thumb Code   382  optics.o(i.optics)
    opticsMerging                            0x0800bf99   Thumb Code   514  optics.o(i.opticsMerging)
    queue_task                               0x0800c409   Thumb Code   108  scheduler.o(i.queue_task)
    quicksort                                0x0800c485   Thumb Code   242  optics.o(i.quicksort)
    read_ev                                  0x0800c57d   Thumb Code   172  main.o(i.read_ev)
    read_from_buffer                         0x0800c64d   Thumb Code   210  scheduler.o(i.read_from_buffer)
    run_scheduler                            0x0800c835   Thumb Code   150  scheduler.o(i.run_scheduler)
    sortSeeds                                0x0800c8dd   Thumb Code   100  optics.o(i.sortSeeds)
    sync_SD                                  0x0800ca7f   Thumb Code    48  main.o(i.sync_SD)
    update                                   0x0800cb95   Thumb Code   176  optics.o(i.update)
    vectAbs                                  0x0800cc95   Thumb Code    58  optics.o(i.vectAbs)
    write_SD                                 0x0800ccd5   Thumb Code   246  main.o(i.write_SD)
    write_buffs                              0x0800cdf9   Thumb Code   152  main.o(i.write_buffs)
    write_sigfox                             0x0800ce9d   Thumb Code   182  main.o(i.write_sigfox)
    write_to_buffer                          0x0800cf6d   Thumb Code   388  scheduler.o(i.write_to_buffer)
    SD_Driver                                0x0800d2e4   Data          20  sd_diskio.o(.constdata)
    AHBPrescTable                            0x0800d2f8   Data          16  system_stm32l4xx.o(.constdata)
    APBPrescTable                            0x0800d308   Data           8  system_stm32l4xx.o(.constdata)
    MSIRangeTable                            0x0800d310   Data          48  system_stm32l4xx.o(.constdata)
    armBitRevIndexTable1024                  0x0800d8a0   Data        3600  arm_common_tables.o(.rodata.armBitRevIndexTable1024)
    armBitRevIndexTable128                   0x0800e6b0   Data         416  arm_common_tables.o(.rodata.armBitRevIndexTable128)
    armBitRevIndexTable16                    0x0800e850   Data          40  arm_common_tables.o(.rodata.armBitRevIndexTable16)
    armBitRevIndexTable2048                  0x0800e878   Data        7616  arm_common_tables.o(.rodata.armBitRevIndexTable2048)
    armBitRevIndexTable256                   0x08010638   Data         880  arm_common_tables.o(.rodata.armBitRevIndexTable256)
    armBitRevIndexTable32                    0x080109a8   Data          96  arm_common_tables.o(.rodata.armBitRevIndexTable32)
    armBitRevIndexTable4096                  0x08010a08   Data        8064  arm_common_tables.o(.rodata.armBitRevIndexTable4096)
    armBitRevIndexTable512                   0x08012988   Data         896  arm_common_tables.o(.rodata.armBitRevIndexTable512)
    armBitRevIndexTable64                    0x08012d08   Data         112  arm_common_tables.o(.rodata.armBitRevIndexTable64)
    arm_cfft_sR_f32_len1024                  0x08012d78   Data          16  arm_const_structs.o(.rodata.arm_cfft_sR_f32_len1024)
    arm_cfft_sR_f32_len128                   0x08012d88   Data          16  arm_const_structs.o(.rodata.arm_cfft_sR_f32_len128)
    arm_cfft_sR_f32_len16                    0x08012d98   Data          16  arm_const_structs.o(.rodata.arm_cfft_sR_f32_len16)
    arm_cfft_sR_f32_len2048                  0x08012da8   Data          16  arm_const_structs.o(.rodata.arm_cfft_sR_f32_len2048)
    arm_cfft_sR_f32_len256                   0x08012db8   Data          16  arm_const_structs.o(.rodata.arm_cfft_sR_f32_len256)
    arm_cfft_sR_f32_len32                    0x08012dc8   Data          16  arm_const_structs.o(.rodata.arm_cfft_sR_f32_len32)
    arm_cfft_sR_f32_len4096                  0x08012dd8   Data          16  arm_const_structs.o(.rodata.arm_cfft_sR_f32_len4096)
    arm_cfft_sR_f32_len512                   0x08012de8   Data          16  arm_const_structs.o(.rodata.arm_cfft_sR_f32_len512)
    arm_cfft_sR_f32_len64                    0x08012df8   Data          16  arm_const_structs.o(.rodata.arm_cfft_sR_f32_len64)
    twiddleCoef_1024                         0x08012e08   Data        8192  arm_common_tables.o(.rodata.twiddleCoef_1024)
    twiddleCoef_128                          0x08014e08   Data        1024  arm_common_tables.o(.rodata.twiddleCoef_128)
    twiddleCoef_16                           0x08015208   Data         128  arm_common_tables.o(.rodata.twiddleCoef_16)
    twiddleCoef_2048                         0x08015288   Data       16384  arm_common_tables.o(.rodata.twiddleCoef_2048)
    twiddleCoef_256                          0x08019288   Data        2048  arm_common_tables.o(.rodata.twiddleCoef_256)
    twiddleCoef_32                           0x08019a88   Data         256  arm_common_tables.o(.rodata.twiddleCoef_32)
    twiddleCoef_4096                         0x08019b88   Data       32768  arm_common_tables.o(.rodata.twiddleCoef_4096)
    twiddleCoef_512                          0x08021b88   Data        4096  arm_common_tables.o(.rodata.twiddleCoef_512)
    twiddleCoef_64                           0x08022b88   Data         512  arm_common_tables.o(.rodata.twiddleCoef_64)
    twiddleCoef_rfft_1024                    0x08022d88   Data        4096  arm_common_tables.o(.rodata.twiddleCoef_rfft_1024)
    twiddleCoef_rfft_128                     0x08023d88   Data         512  arm_common_tables.o(.rodata.twiddleCoef_rfft_128)
    twiddleCoef_rfft_2048                    0x08023f88   Data        8192  arm_common_tables.o(.rodata.twiddleCoef_rfft_2048)
    twiddleCoef_rfft_256                     0x08025f88   Data        1024  arm_common_tables.o(.rodata.twiddleCoef_rfft_256)
    twiddleCoef_rfft_32                      0x08026388   Data         128  arm_common_tables.o(.rodata.twiddleCoef_rfft_32)
    twiddleCoef_rfft_4096                    0x08026408   Data       16384  arm_common_tables.o(.rodata.twiddleCoef_rfft_4096)
    twiddleCoef_rfft_512                     0x0802a408   Data        2048  arm_common_tables.o(.rodata.twiddleCoef_rfft_512)
    twiddleCoef_rfft_64                      0x0802ac08   Data         256  arm_common_tables.o(.rodata.twiddleCoef_rfft_64)
    Region$$Table$$Base                      0x0802ad08   Number         0  anon$$obj.o(Region$$Table)
    Region$$Table$$Limit                     0x0802ad28   Number         0  anon$$obj.o(Region$$Table)
    data_freq                                0x20000000   Data           4  main.o(.data)
    data_time                                0x20000004   Data           4  main.o(.data)
    data_feature1                            0x20000008   Data        1600  main.o(.data)
    data_feature2                            0x20000648   Data        1600  main.o(.data)
    data_feature3                            0x20000c88   Data        1600  main.o(.data)
    env_dma_buffer                           0x200012c8   Data           6  main.o(.data)
    env                                      0x200012ce   Data           4  main.o(.data)
    env_cmd                                  0x200012d2   Data           2  main.o(.data)
    sigfox_cmd                               0x200012d4   Data          15  main.o(.data)
    cal_factor_s                             0x200012e4   Data           2  main.o(.data)
    cnt                                      0x200012e8   Data           4  main.o(.data)
    block_cnt                                0x200012ec   Data           4  main.o(.data)
    sleeping                                 0x200012f0   Data           1  main.o(.data)
    env_fp                                   0x200012f4   Data           4  main.o(.data)
    meas_fp                                  0x200012f8   Data           4  main.o(.data)
    fres                                     0x200012fc   Data           1  main.o(.data)
    sd_wr_bytes                              0x20001300   Data           4  main.o(.data)
    sd_write_flag                            0x20001304   Data           4  main.o(.data)
    sigfox_write_flag                        0x20001308   Data           4  main.o(.data)
    sigfox_msg_ptr                           0x2000130c   Data           4  main.o(.data)
    env_args                                 0x20001310   Data           8  main.o(.data)
    event_args                               0x20001318   Data           8  main.o(.data)
    fft_args                                 0x20001320   Data           8  main.o(.data)
    peak_args                                0x20001328   Data           8  main.o(.data)
    clust_args                               0x20001330   Data           8  main.o(.data)
    fft_calc_args                            0x20001338   Data           8  main.o(.data)
    ev                                       0x20001340   Data           2  main.o(.data)
    msg_out                                  0x20001342   Data          41  main.o(.data)
    clustNum                                 0x2000136c   Data           4  main.o(.data)
    newClustIndex                            0x20001370   Data           4  main.o(.data)
    iter                                     0x20001374   Data           4  main.o(.data)
    timeStampStart                           0x20001378   Data           4  main.o(.data)
    timeStampEnd                             0x2000137c   Data           4  main.o(.data)
    freq_corr_coeff                          0x20001380   Data         512  main.o(.data)
    tstamp                                   0x20001598   Data           4  stm32l4xx_it.o(.data)
    periods                                  0x2000159c   Data           4  stm32l4xx_it.o(.data)
    trig_idx                                 0x200015a0   Data           4  stm32l4xx_it.o(.data)
    ev_per_hr                                0x200015a4   Data           2  stm32l4xx_it.o(.data)
    ev_per_hr_lock                           0x200015a6   Data           1  stm32l4xx_it.o(.data)
    dma_buff_ptr                             0x200015a8   Data           4  stm32l4xx_it.o(.data)
    read_idx                                 0x200015ac   Data           1  stm32l4xx_it.o(.data)
    char_ctr                                 0x200015b0   Data           4  stm32l4xx_it.o(.data)
    retSD                                    0x200015b8   Data           1  fatfs.o(.data)
    SDPath                                   0x200015b9   Data           4  fatfs.o(.data)
    new_write_idx                            0x200015c0   Data           1  scheduler.o(.data)
    current                                  0x200015c4   Data           4  scheduler.o(.data)
    blocking                                 0x200015c8   Data           4  scheduler.o(.data)
    free_tasks                               0x200015cc   Data           4  scheduler.o(.data)
    uwTick                                   0x200015d4   Data           4  stm32l4xx_hal.o(.data)
    uwTickPrio                               0x200015d8   Data           4  stm32l4xx_hal.o(.data)
    uwTickFreq                               0x200015dc   Data           4  stm32l4xx_hal.o(.data)
    SystemCoreClock                          0x200015e0   Data           4  system_stm32l4xx.o(.data)
    __microlib_freelist                      0x200015ec   Data           4  mvars.o(.data)
    __microlib_freelist_initialised          0x200015f0   Data           4  mvars.o(.data)
    neighIndices                             0x200015f8   Data         800  main.o(.bss)
    seeds                                    0x20001918   Data         800  main.o(.bss)
    orderedList                              0x20001c38   Data         800  main.o(.bss)
    coreDistList                             0x20001f58   Data        1600  main.o(.bss)
    procesList                               0x20002598   Data         400  main.o(.bss)
    reachDistList                            0x20002728   Data        1600  main.o(.bss)
    orderedReachDistList                     0x20002d68   Data        1600  main.o(.bss)
    clusterIndices                           0x200033a8   Data         800  main.o(.bss)
    prevVectorIndices                        0x200036c8   Data         200  main.o(.bss)
    currVectorIndices                        0x20003790   Data         200  main.o(.bss)
    prevCluster                              0x20003858   Data          40  main.o(.bss)
    currCluster                              0x20003880   Data          40  main.o(.bss)
    newClustTest                             0x200038a8   Data          40  main.o(.bss)
    setClustersStart                         0x200038d0   Data        1600  main.o(.bss)
    setClustersEnd                           0x20003f10   Data        1600  main.o(.bss)
    timeMin                                  0x20004550   Data          80  main.o(.bss)
    timeMax                                  0x200045a0   Data          80  main.o(.bss)
    yMinEnd                                  0x200045f0   Data          80  main.o(.bss)
    yMaxEnd                                  0x20004640   Data          80  main.o(.bss)
    yMinStart                                0x20004690   Data          80  main.o(.bss)
    yMaxStart                                0x200046e0   Data          80  main.o(.bss)
    prevyMaxEnd                              0x20004730   Data          80  main.o(.bss)
    prevyMinEnd                              0x20004780   Data          80  main.o(.bss)
    peaks_per_clust                          0x200047d0   Data          80  main.o(.bss)
    event_dma_buffer                         0x20004820   Data        4104  main.o(.bss)
    write_env_task                           0x20005828   Data          24  main.o(.bss)
    write_meas_task                          0x20005840   Data          24  main.o(.bss)
    write_fft_task                           0x20005858   Data          24  main.o(.bss)
    write_peaks_task                         0x20005870   Data          24  main.o(.bss)
    write_cont_task                          0x20005888   Data          24  main.o(.bss)
    sync_task                                0x200058a0   Data          24  main.o(.bss)
    write_buffs_task                         0x200058b8   Data          24  main.o(.bss)
    fft_task                                 0x200058d0   Data          24  main.o(.bss)
    find_peaks_task                          0x200058e8   Data          24  main.o(.bss)
    read_ev_task                             0x20005900   Data          24  main.o(.bss)
    optics_task                              0x20005918   Data          24  main.o(.bss)
    write_clust_task                         0x20005930   Data          24  main.o(.bss)
    write_sigfox_task                        0x20005948   Data          24  main.o(.bss)
    env_file                                 0x20005960   Data         592  main.o(.bss)
    meas_file                                0x20005bb0   Data         592  main.o(.bss)
    fft_file                                 0x20005e00   Data         592  main.o(.bss)
    peak_file                                0x20006050   Data         592  main.o(.bss)
    ev_file                                  0x200062a0   Data         592  main.o(.bss)
    clust_file                               0x200064f0   Data         592  main.o(.bss)
    fs                                       0x20006740   Data         568  main.o(.bss)
    dma_ev_buffer                            0x20006978   Data          52  main.o(.bss)
    event_buffer                             0x200069ac   Data          52  main.o(.bss)
    env_buffer                               0x200069e0   Data          52  main.o(.bss)
    fft_ev_buffer                            0x20006a14   Data          52  main.o(.bss)
    fft_wr_buffer                            0x20006a48   Data          52  main.o(.bss)
    fft_pk_buffer                            0x20006a7c   Data          52  main.o(.bss)
    peak_buffer                              0x20006ab0   Data          52  main.o(.bss)
    pk_freq_buffer                           0x20006ae4   Data          52  main.o(.bss)
    pk_time_buffer                           0x20006b18   Data          52  main.o(.bss)
    clust_buffer                             0x20006b4c   Data          52  main.o(.bss)
    sigfox_msg_buffer                        0x20006b80   Data          52  main.o(.bss)
    sigfox_env_buffer                        0x20006bb4   Data          52  main.o(.bss)
    fft_inst                                 0x20006be8   Data          24  main.o(.bss)
    fft_freqs                                0x20006c00   Data         512  main.o(.bss)
    read_ev_buff                             0x20006e00   Data        2052  main.o(.bss)
    read_pk_buff                             0x20007604   Data         256  main.o(.bss)
    fft_out_buff                             0x20007704   Data        1024  main.o(.bss)
    rec_char                                 0x20007b30   Data          64  stm32l4xx_it.o(.bss)
    hospi1                                   0x20007b88   Data          80  setup.o(.bss)
    hdma_octospi1                            0x20007bd8   Data          96  setup.o(.bss)
    hsd1                                     0x20007c38   Data         128  setup.o(.bss)
    htim2                                    0x20007cb8   Data          64  setup.o(.bss)
    hi2c1                                    0x20007cf8   Data          76  setup.o(.bss)
    task_queue                               0x20007d44   Data         768  scheduler.o(.bss)
    new_tasks                                0x20008044   Data         128  scheduler.o(.bss)
    disk                                     0x20008524   Data          12  ff_gen_drv.o(.bss)
    __heap_base                              0x20008530   Data           0  startup_stm32l4r7xx.o(HEAP)
    __heap_limit                             0x20018430   Data           0  startup_stm32l4r7xx.o(HEAP)
    __initial_sp                             0x20028330   Data           0  startup_stm32l4r7xx.o(STACK)



==============================================================================

Memory Map of the image

  Image Entry point : 0x080001bd

  Load Region LR_IROM1 (Base: 0x08000000, Size: 0x0002c320, Max: 0x00200000, ABSOLUTE, COMPRESSED[0x0002c18c])

    Execution Region ER_IROM1 (Exec base: 0x08000000, Load base: 0x08000000, Size: 0x0002ad28, Max: 0x00200000, ABSOLUTE)

    Exec Addr    Load Addr    Size         Type   Attr      Idx    E Section Name        Object

    0x08000000   0x08000000   0x000001bc   Data   RO            3    RESET               startup_stm32l4r7xx.o
    0x080001bc   0x080001bc   0x00000000   Code   RO         6069  * .ARM.Collect$$$$00000000  mc_w.l(entry.o)
    0x080001bc   0x080001bc   0x00000004   Code   RO         6140    .ARM.Collect$$$$00000001  mc_w.l(entry2.o)
    0x080001c0   0x080001c0   0x00000004   Code   RO         6143    .ARM.Collect$$$$00000004  mc_w.l(entry5.o)
    0x080001c4   0x080001c4   0x00000000   Code   RO         6145    .ARM.Collect$$$$00000008  mc_w.l(entry7b.o)
    0x080001c4   0x080001c4   0x00000000   Code   RO         6147    .ARM.Collect$$$$0000000A  mc_w.l(entry8b.o)
    0x080001c4   0x080001c4   0x00000008   Code   RO         6148    .ARM.Collect$$$$0000000B  mc_w.l(entry9a.o)
    0x080001cc   0x080001cc   0x00000000   Code   RO         6150    .ARM.Collect$$$$0000000D  mc_w.l(entry10a.o)
    0x080001cc   0x080001cc   0x00000000   Code   RO         6152    .ARM.Collect$$$$0000000F  mc_w.l(entry11a.o)
    0x080001cc   0x080001cc   0x00000004   Code   RO         6141    .ARM.Collect$$$$00002712  mc_w.l(entry2.o)
    0x080001d0   0x080001d0   0x00000004   Code   RO          787    .rev16_text         scheduler.o
    0x080001d4   0x080001d4   0x00000004   Code   RO           11    .revsh_text         main.o
    0x080001d8   0x080001d8   0x00000004   Code   RO          281    .revsh_text         stm32l4xx_it.o
    0x080001dc   0x080001dc   0x00000004   Code   RO          788    .revsh_text         scheduler.o
    0x080001e0   0x080001e0   0x00000024   Code   RO            4    .text               startup_stm32l4r7xx.o
    0x08000204   0x08000204   0x00000068   Code   RO         6072    .text               mc_w.l(uldiv.o)
    0x0800026c   0x0800026c   0x00000024   Code   RO         6074    .text               mc_w.l(memcpya.o)
    0x08000290   0x08000290   0x00000024   Code   RO         6076    .text               mc_w.l(memseta.o)
    0x080002b4   0x080002b4   0x00000026   Code   RO         6108    .text               mf_w.l(f2d.o)
    0x080002da   0x080002da   0x00000038   Code   RO         6110    .text               mf_w.l(d2f.o)
    0x08000312   0x08000312   0x0000001e   Code   RO         6154    .text               mc_w.l(llshl.o)
    0x08000330   0x08000330   0x00000020   Code   RO         6156    .text               mc_w.l(llushr.o)
    0x08000350   0x08000350   0x00000000   Code   RO         6167    .text               mc_w.l(iusefp.o)
    0x08000350   0x08000350   0x0000006e   Code   RO         6168    .text               mf_w.l(fepilogue.o)
    0x080003be   0x080003be   0x00000002   PAD
    0x080003c0   0x080003c0   0x00000024   Code   RO         6182    .text               mc_w.l(init.o)
    0x080003e4   0x080003e4   0x0000015e   Code   RO         6184    .text               mf_w.l(dadd.o)
    0x08000542   0x08000542   0x000000ea   Code   RO         6186    .text               mf_w.l(dmul.o)
    0x0800062c   0x0800062c   0x000000de   Code   RO         6188    .text               mf_w.l(ddiv.o)
    0x0800070a   0x0800070a   0x00000022   Code   RO         6190    .text               mf_w.l(dflti.o)
    0x0800072c   0x0800072c   0x0000001a   Code   RO         6192    .text               mf_w.l(dfltui.o)
    0x08000746   0x08000746   0x0000003e   Code   RO         6194    .text               mf_w.l(dfixi.o)
    0x08000784   0x08000784   0x00000024   Code   RO         6196    .text               mc_w.l(llsshr.o)
    0x080007a8   0x080007a8   0x000000ba   Code   RO         6198    .text               mf_w.l(depilogue.o)
    0x08000862   0x08000862   0x0000005e   Code   RO         6208    .text               mc_w.l(__dclz77c.o)
    0x080008c0   0x080008c0   0x00000044   Code   RO         5950    .text.arm_bitreversal_32  arm_cortexM4lf_math.lib(arm_bitreversal2.o)
    0x08000904   0x08000904   0x000000e0   Code   RO         5809    .text.arm_cfft_f32  arm_cortexM4lf_math.lib(arm_cfft_f32.o)
    0x080009e4   0x080009e4   0x000000b4   Code   RO         5819    .text.arm_cfft_init_f32  arm_cortexM4lf_math.lib(arm_cfft_init_f32.o)
    0x08000a98   0x08000a98   0x00000198   Code   RO         5805    .text.arm_cfft_radix8by2_f32  arm_cortexM4lf_math.lib(arm_cfft_f32.o)
    0x08000c30   0x08000c30   0x00000406   Code   RO         5807    .text.arm_cfft_radix8by4_f32  arm_cortexM4lf_math.lib(arm_cfft_f32.o)
    0x08001036   0x08001036   0x00000002   PAD
    0x08001038   0x08001038   0x00000154   Code   RO         5746    .text.arm_cmplx_mag_f32  arm_cortexM4lf_math.lib(arm_cmplx_mag_f32.o)
    0x0800118c   0x0800118c   0x000000bc   Code   RO         5796    .text.arm_max_f32   arm_cortexM4lf_math.lib(arm_max_f32.o)
    0x08001248   0x08001248   0x0000008e   Code   RO         5728    .text.arm_mult_f32  arm_cortexM4lf_math.lib(arm_mult_f32.o)
    0x080012d6   0x080012d6   0x00000002   PAD
    0x080012d8   0x080012d8   0x000005c4   Code   RO         5962    .text.arm_radix8_butterfly_f32  arm_cortexM4lf_math.lib(arm_cfft_radix8_f32.o)
    0x0800189c   0x0800189c   0x0000002a   Code   RO         5776    .text.arm_rfft_1024_fast_init_f32  arm_cortexM4lf_math.lib(arm_rfft_fast_init_f32.o)
    0x080018c6   0x080018c6   0x00000026   Code   RO         5782    .text.arm_rfft_128_fast_init_f32  arm_cortexM4lf_math.lib(arm_rfft_fast_init_f32.o)
    0x080018ec   0x080018ec   0x0000002a   Code   RO         5774    .text.arm_rfft_2048_fast_init_f32  arm_cortexM4lf_math.lib(arm_rfft_fast_init_f32.o)
    0x08001916   0x08001916   0x00000028   Code   RO         5780    .text.arm_rfft_256_fast_init_f32  arm_cortexM4lf_math.lib(arm_rfft_fast_init_f32.o)
    0x0800193e   0x0800193e   0x00000026   Code   RO         5786    .text.arm_rfft_32_fast_init_f32  arm_cortexM4lf_math.lib(arm_rfft_fast_init_f32.o)
    0x08001964   0x08001964   0x0000002a   Code   RO         5772    .text.arm_rfft_4096_fast_init_f32  arm_cortexM4lf_math.lib(arm_rfft_fast_init_f32.o)
    0x0800198e   0x0800198e   0x0000002a   Code   RO         5778    .text.arm_rfft_512_fast_init_f32  arm_cortexM4lf_math.lib(arm_rfft_fast_init_f32.o)
    0x080019b8   0x080019b8   0x00000026   Code   RO         5784    .text.arm_rfft_64_fast_init_f32  arm_cortexM4lf_math.lib(arm_rfft_fast_init_f32.o)
    0x080019de   0x080019de   0x00000046   Code   RO         5760    .text.arm_rfft_fast_f32  arm_cortexM4lf_math.lib(arm_rfft_fast_f32.o)
    0x08001a24   0x08001a24   0x00000090   Code   RO         5770    .text.arm_rfft_fast_init_f32  arm_cortexM4lf_math.lib(arm_rfft_fast_init_f32.o)
    0x08001ab4   0x08001ab4   0x00000066   Code   RO         5737    .text.arm_scale_f32  arm_cortexM4lf_math.lib(arm_scale_f32.o)
    0x08001b1a   0x08001b1a   0x00000002   PAD
    0x08001b1c   0x08001b1c   0x000000b4   Code   RO         5758    .text.merge_rfft_f32  arm_cortexM4lf_math.lib(arm_rfft_fast_f32.o)
    0x08001bd0   0x08001bd0   0x000000b4   Code   RO         5756    .text.stage_rfft_f32  arm_cortexM4lf_math.lib(arm_rfft_fast_f32.o)
    0x08001c84   0x08001c84   0x00000030   Code   RO          283    i.ADC1_IRQHandler   stm32l4xx_it.o
    0x08001cb4   0x08001cb4   0x00000014   Code   RO          492    i.BSP_SD_GetCardInfo  bsp_driver_sd.o
    0x08001cc8   0x08001cc8   0x00000018   Code   RO          493    i.BSP_SD_GetCardState  bsp_driver_sd.o
    0x08001ce0   0x08001ce0   0x00000030   Code   RO          495    i.BSP_SD_Init       bsp_driver_sd.o
    0x08001d10   0x08001d10   0x0000000c   Code   RO          496    i.BSP_SD_IsDetected  bsp_driver_sd.o
    0x08001d1c   0x08001d1c   0x00000030   Code   RO          497    i.BSP_SD_ReadBlocks  bsp_driver_sd.o
    0x08001d4c   0x08001d4c   0x00000002   Code   RO          499    i.BSP_SD_ReadCpltCallback  bsp_driver_sd.o
    0x08001d4e   0x08001d4e   0x00000002   PAD
    0x08001d50   0x08001d50   0x00000030   Code   RO          500    i.BSP_SD_WriteBlocks  bsp_driver_sd.o
    0x08001d80   0x08001d80   0x00000028   Code   RO          501    i.BSP_SD_WriteBlocks_DMA  bsp_driver_sd.o
    0x08001da8   0x08001da8   0x00000024   Code   RO          284    i.BSP_SD_WriteCpltCallback  stm32l4xx_it.o
    0x08001dcc   0x08001dcc   0x0000000a   Code   RO          285    i.BusFault_Handler  stm32l4xx_it.o
    0x08001dd6   0x08001dd6   0x00000002   PAD
    0x08001dd8   0x08001dd8   0x00000168   Code   RO          286    i.DMA1_Channel1_IRQHandler  stm32l4xx_it.o
    0x08001f40   0x08001f40   0x00000128   Code   RO          287    i.DMA2_Channel1_IRQHandler  stm32l4xx_it.o
    0x08002068   0x08002068   0x00000030   Code   RO          288    i.DMA2_Channel2_IRQHandler  stm32l4xx_it.o
    0x08002098   0x08002098   0x00000030   Code   RO          289    i.DMA2_Channel3_IRQHandler  stm32l4xx_it.o
    0x080020c8   0x080020c8   0x00000002   Code   RO          290    i.DebugMon_Handler  stm32l4xx_it.o
    0x080020ca   0x080020ca   0x00000002   PAD
    0x080020cc   0x080020cc   0x00000048   Code   RO          291    i.EXTI0_IRQHandler  stm32l4xx_it.o
    0x08002114   0x08002114   0x0000000c   Code   RO           13    i.Error_Handler     main.o
    0x08002120   0x08002120   0x00000012   Code   RO         5624    i.FATFS_LinkDriver  ff_gen_drv.o
    0x08002132   0x08002132   0x00000002   PAD
    0x08002134   0x08002134   0x00000054   Code   RO         5625    i.FATFS_LinkDriverEx  ff_gen_drv.o
    0x08002188   0x08002188   0x00000028   Code   RO         2493    i.HAL_Delay         stm32l4xx_hal.o
    0x080021b0   0x080021b0   0x000001f4   Code   RO         3785    i.HAL_GPIO_Init     stm32l4xx_hal_gpio.o
    0x080023a4   0x080023a4   0x0000000a   Code   RO         3789    i.HAL_GPIO_WritePin  stm32l4xx_hal_gpio.o
    0x080023ae   0x080023ae   0x00000002   PAD
    0x080023b0   0x080023b0   0x0000000c   Code   RO         2497    i.HAL_GetTick       stm32l4xx_hal.o
    0x080023bc   0x080023bc   0x00000018   Code   RO         2503    i.HAL_IncTick       stm32l4xx_hal.o
    0x080023d4   0x080023d4   0x00000030   Code   RO         2504    i.HAL_Init          stm32l4xx_hal.o
    0x08002404   0x08002404   0x00000058   Code   RO         2505    i.HAL_InitTick      stm32l4xx_hal.o
    0x0800245c   0x0800245c   0x00000040   Code   RO          429    i.HAL_MspInit       stm32l4xx_hal_msp.o
    0x0800249c   0x0800249c   0x00000028   Code   RO         4390    i.HAL_NVIC_EnableIRQ  stm32l4xx_hal_cortex.o
    0x080024c4   0x080024c4   0x00000082   Code   RO         4396    i.HAL_NVIC_SetPriority  stm32l4xx_hal_cortex.o
    0x08002546   0x08002546   0x00000002   PAD
    0x08002548   0x08002548   0x00000028   Code   RO         4397    i.HAL_NVIC_SetPriorityGrouping  stm32l4xx_hal_cortex.o
    0x08002570   0x08002570   0x00000118   Code   RO         4116    i.HAL_PWREx_ControlVoltageScaling  stm32l4xx_hal_pwr_ex.o
    0x08002688   0x08002688   0x00000054   Code   RO         4122    i.HAL_PWREx_DisableLowPowerRunMode  stm32l4xx_hal_pwr_ex.o
    0x080026dc   0x080026dc   0x00000014   Code   RO         4137    i.HAL_PWREx_EnableLowPowerRunMode  stm32l4xx_hal_pwr_ex.o
    0x080026f0   0x080026f0   0x00000034   Code   RO         4151    i.HAL_PWREx_GetVoltageRange  stm32l4xx_hal_pwr_ex.o
    0x08002724   0x08002724   0x00000054   Code   RO         4013    i.HAL_PWR_EnterSLEEPMode  stm32l4xx_hal_pwr.o
    0x08002778   0x08002778   0x00000a50   Code   RO         3358    i.HAL_RCCEx_GetPeriphCLKFreq  stm32l4xx_hal_rcc_ex.o
    0x080031c8   0x080031c8   0x000005d0   Code   RO         3361    i.HAL_RCCEx_PeriphCLKConfig  stm32l4xx_hal_rcc_ex.o
    0x08003798   0x08003798   0x000001fc   Code   RO         3232    i.HAL_RCC_ClockConfig  stm32l4xx_hal_rcc.o
    0x08003994   0x08003994   0x0000000c   Code   RO         3236    i.HAL_RCC_GetHCLKFreq  stm32l4xx_hal_rcc.o
    0x080039a0   0x080039a0   0x00000024   Code   RO         3238    i.HAL_RCC_GetPCLK1Freq  stm32l4xx_hal_rcc.o
    0x080039c4   0x080039c4   0x00000024   Code   RO         3239    i.HAL_RCC_GetPCLK2Freq  stm32l4xx_hal_rcc.o
    0x080039e8   0x080039e8   0x000000ec   Code   RO         3240    i.HAL_RCC_GetSysClockFreq  stm32l4xx_hal_rcc.o
    0x08003ad4   0x08003ad4   0x00000704   Code   RO         3243    i.HAL_RCC_OscConfig  stm32l4xx_hal_rcc.o
    0x080041d8   0x080041d8   0x00000012   Code   RO         2508    i.HAL_ResumeTick    stm32l4xx_hal.o
    0x080041ea   0x080041ea   0x00000002   Code   RO         4854    i.HAL_SDEx_Read_DMADoubleBuffer0CpltCallback  stm32l4xx_hal_sd_ex.o
    0x080041ec   0x080041ec   0x00000002   Code   RO         4855    i.HAL_SDEx_Read_DMADoubleBuffer1CpltCallback  stm32l4xx_hal_sd_ex.o
    0x080041ee   0x080041ee   0x00000002   Code   RO         4857    i.HAL_SDEx_Write_DMADoubleBuffer0CpltCallback  stm32l4xx_hal_sd_ex.o
    0x080041f0   0x080041f0   0x00000002   Code   RO         4858    i.HAL_SDEx_Write_DMADoubleBuffer1CpltCallback  stm32l4xx_hal_sd_ex.o
    0x080041f2   0x080041f2   0x00000002   PAD
    0x080041f4   0x080041f4   0x000000e8   Code   RO         4601    i.HAL_SD_ConfigWideBusOperation  stm32l4xx_hal_sd.o
    0x080042dc   0x080042dc   0x00000002   Code   RO         4604    i.HAL_SD_ErrorCallback  stm32l4xx_hal_sd.o
    0x080042de   0x080042de   0x00000002   PAD
    0x080042e0   0x080042e0   0x000001c8   Code   RO         4606    i.HAL_SD_GetCardCSD  stm32l4xx_hal_sd.o
    0x080044a8   0x080044a8   0x00000026   Code   RO         4607    i.HAL_SD_GetCardInfo  stm32l4xx_hal_sd.o
    0x080044ce   0x080044ce   0x00000024   Code   RO         4608    i.HAL_SD_GetCardState  stm32l4xx_hal_sd.o
    0x080044f2   0x080044f2   0x00000002   PAD
    0x080044f4   0x080044f4   0x000000dc   Code   RO         4609    i.HAL_SD_GetCardStatus  stm32l4xx_hal_sd.o
    0x080045d0   0x080045d0   0x00000274   Code   RO         4612    i.HAL_SD_IRQHandler  stm32l4xx_hal_sd.o
    0x08004844   0x08004844   0x000000b2   Code   RO         4613    i.HAL_SD_Init       stm32l4xx_hal_sd.o
    0x080048f6   0x080048f6   0x00000002   PAD
    0x080048f8   0x080048f8   0x000000f0   Code   RO         4614    i.HAL_SD_InitCard   stm32l4xx_hal_sd.o
    0x080049e8   0x080049e8   0x000000e4   Code   RO          433    i.HAL_SD_MspInit    stm32l4xx_hal_msp.o
    0x08004acc   0x08004acc   0x0000024a   Code   RO         4617    i.HAL_SD_ReadBlocks  stm32l4xx_hal_sd.o
    0x08004d16   0x08004d16   0x0000000a   Code   RO          504    i.HAL_SD_RxCpltCallback  bsp_driver_sd.o
    0x08004d20   0x08004d20   0x0000000a   Code   RO          505    i.HAL_SD_TxCpltCallback  bsp_driver_sd.o
    0x08004d2a   0x08004d2a   0x00000002   PAD
    0x08004d2c   0x08004d2c   0x0000024e   Code   RO         4622    i.HAL_SD_WriteBlocks  stm32l4xx_hal_sd.o
    0x08004f7a   0x08004f7a   0x00000002   PAD
    0x08004f7c   0x08004f7c   0x000000ec   Code   RO         4623    i.HAL_SD_WriteBlocks_DMA  stm32l4xx_hal_sd.o
    0x08005068   0x08005068   0x00000034   Code   RO         4401    i.HAL_SYSTICK_Config  stm32l4xx_hal_cortex.o
    0x0800509c   0x0800509c   0x00000012   Code   RO         2520    i.HAL_SuspendTick   stm32l4xx_hal.o
    0x080050ae   0x080050ae   0x00000004   Code   RO          292    i.HardFault_Handler  stm32l4xx_it.o
    0x080050b2   0x080050b2   0x00000002   PAD
    0x080050b4   0x080050b4   0x00000060   Code   RO          293    i.LPTIM1_IRQHandler  stm32l4xx_it.o
    0x08005114   0x08005114   0x00000034   Code   RO          294    i.LPTIM2_IRQHandler  stm32l4xx_it.o
    0x08005148   0x08005148   0x000000d4   Code   RO          295    i.LPUART1_IRQHandler  stm32l4xx_it.o
    0x0800521c   0x0800521c   0x00000098   Code   RO          702    i.MX_DMA_Init       setup.o
    0x080052b4   0x080052b4   0x0000001c   Code   RO          605    i.MX_FATFS_Init     fatfs.o
    0x080052d0   0x080052d0   0x0000002c   Code   RO          703    i.MX_SDMMC1_SD_Init  setup.o
    0x080052fc   0x080052fc   0x00000004   Code   RO          296    i.MemManage_Handler  stm32l4xx_it.o
    0x08005300   0x08005300   0x00000002   Code   RO          297    i.NMI_Handler       stm32l4xx_it.o
    0x08005302   0x08005302   0x00000002   Code   RO          298    i.PendSV_Handler    stm32l4xx_it.o
    0x08005304   0x08005304   0x00000168   Code   RO         3364    i.RCCEx_GetSAIxPeriphCLKFreq  stm32l4xx_hal_rcc_ex.o
    0x0800546c   0x0800546c   0x00000188   Code   RO         3365    i.RCCEx_PLLSAI1_Config  stm32l4xx_hal_rcc_ex.o
    0x080055f4   0x080055f4   0x00000188   Code   RO         3366    i.RCCEx_PLLSAI2_Config  stm32l4xx_hal_rcc_ex.o
    0x0800577c   0x0800577c   0x00000094   Code   RO         3244    i.RCC_GetSysClockFreqFromPLLSource  stm32l4xx_hal_rcc.o
    0x08005810   0x08005810   0x00000094   Code   RO         3245    i.RCC_SetFlashLatencyFromMSIRange  stm32l4xx_hal_rcc.o
    0x080058a4   0x080058a4   0x000001c0   Code   RO          704    i.REG_ADS_Init      setup.o
    0x08005a64   0x08005a64   0x000000e4   Code   RO          705    i.REG_BAT_ADC_Init  setup.o
    0x08005b48   0x08005b48   0x000000b4   Code   RO          706    i.REG_GPIO_Init     setup.o
    0x08005bfc   0x08005bfc   0x00000148   Code   RO          707    i.REG_I2C1_Init     setup.o
    0x08005d44   0x08005d44   0x00000058   Code   RO          708    i.REG_LPTIM1_Init   setup.o
    0x08005d9c   0x08005d9c   0x00000054   Code   RO          709    i.REG_LPTIM2_Init   setup.o
    0x08005df0   0x08005df0   0x000000cc   Code   RO          710    i.REG_LPUART1_Init  setup.o
    0x08005ebc   0x08005ebc   0x000000fc   Code   RO          711    i.REG_OCTOSPI_Init  setup.o
    0x08005fb8   0x08005fb8   0x000000d4   Code   RO          712    i.REG_TIM2_Init     setup.o
    0x0800608c   0x0800608c   0x00000010   Code   RO          299    i.SDMMC1_IRQHandler  stm32l4xx_it.o
    0x0800609c   0x0800609c   0x0000003a   Code   RO         4927    i.SDMMC_CmdAppCommand  stm32l4xx_ll_sdmmc.o
    0x080060d6   0x080060d6   0x00000034   Code   RO         4928    i.SDMMC_CmdAppOperCommand  stm32l4xx_ll_sdmmc.o
    0x0800610a   0x0800610a   0x00000038   Code   RO         4929    i.SDMMC_CmdBlockLength  stm32l4xx_ll_sdmmc.o
    0x08006142   0x08006142   0x0000003a   Code   RO         4930    i.SDMMC_CmdBusWidth  stm32l4xx_ll_sdmmc.o
    0x0800617c   0x0800617c   0x0000002c   Code   RO         4934    i.SDMMC_CmdGoIdleState  stm32l4xx_ll_sdmmc.o
    0x080061a8   0x080061a8   0x00000034   Code   RO         4936    i.SDMMC_CmdOperCond  stm32l4xx_ll_sdmmc.o
    0x080061dc   0x080061dc   0x0000003a   Code   RO         4937    i.SDMMC_CmdReadMultiBlock  stm32l4xx_ll_sdmmc.o
    0x08006216   0x08006216   0x0000003a   Code   RO         4938    i.SDMMC_CmdReadSingleBlock  stm32l4xx_ll_sdmmc.o
    0x08006250   0x08006250   0x0000003c   Code   RO         4941    i.SDMMC_CmdSelDesel  stm32l4xx_ll_sdmmc.o
    0x0800628c   0x0800628c   0x00000034   Code   RO         4942    i.SDMMC_CmdSendCID  stm32l4xx_ll_sdmmc.o
    0x080062c0   0x080062c0   0x00000034   Code   RO         4943    i.SDMMC_CmdSendCSD  stm32l4xx_ll_sdmmc.o
    0x080062f4   0x080062f4   0x0000003a   Code   RO         4945    i.SDMMC_CmdSendSCR  stm32l4xx_ll_sdmmc.o
    0x0800632e   0x0800632e   0x0000003a   Code   RO         4946    i.SDMMC_CmdSendStatus  stm32l4xx_ll_sdmmc.o
    0x08006368   0x08006368   0x0000003a   Code   RO         4947    i.SDMMC_CmdSetRelAdd  stm32l4xx_ll_sdmmc.o
    0x080063a2   0x080063a2   0x0000003a   Code   RO         4949    i.SDMMC_CmdStatusRegister  stm32l4xx_ll_sdmmc.o
    0x080063dc   0x080063dc   0x00000054   Code   RO         4950    i.SDMMC_CmdStopTransfer  stm32l4xx_ll_sdmmc.o
    0x08006430   0x08006430   0x0000003a   Code   RO         4952    i.SDMMC_CmdVoltageSwitch  stm32l4xx_ll_sdmmc.o
    0x0800646a   0x0800646a   0x0000003a   Code   RO         4953    i.SDMMC_CmdWriteMultiBlock  stm32l4xx_ll_sdmmc.o
    0x080064a4   0x080064a4   0x0000003a   Code   RO         4954    i.SDMMC_CmdWriteSingleBlock  stm32l4xx_ll_sdmmc.o
    0x080064de   0x080064de   0x0000002c   Code   RO         4955    i.SDMMC_ConfigData  stm32l4xx_ll_sdmmc.o
    0x0800650a   0x0800650a   0x00000002   PAD
    0x0800650c   0x0800650c   0x00000044   Code   RO         4956    i.SDMMC_GetCmdError  stm32l4xx_ll_sdmmc.o
    0x08006550   0x08006550   0x000001b0   Code   RO         4957    i.SDMMC_GetCmdResp1  stm32l4xx_ll_sdmmc.o
    0x08006700   0x08006700   0x00000068   Code   RO         4958    i.SDMMC_GetCmdResp2  stm32l4xx_ll_sdmmc.o
    0x08006768   0x08006768   0x0000005c   Code   RO         4959    i.SDMMC_GetCmdResp3  stm32l4xx_ll_sdmmc.o
    0x080067c4   0x080067c4   0x000000bc   Code   RO         4960    i.SDMMC_GetCmdResp6  stm32l4xx_ll_sdmmc.o
    0x08006880   0x08006880   0x0000006c   Code   RO         4961    i.SDMMC_GetCmdResp7  stm32l4xx_ll_sdmmc.o
    0x080068ec   0x080068ec   0x00000008   Code   RO         4962    i.SDMMC_GetCommandResponse  stm32l4xx_ll_sdmmc.o
    0x080068f4   0x080068f4   0x0000000a   Code   RO         4965    i.SDMMC_GetPowerState  stm32l4xx_ll_sdmmc.o
    0x080068fe   0x080068fe   0x0000000c   Code   RO         4966    i.SDMMC_GetResponse  stm32l4xx_ll_sdmmc.o
    0x0800690a   0x0800690a   0x00000002   PAD
    0x0800690c   0x0800690c   0x00000034   Code   RO         4967    i.SDMMC_Init        stm32l4xx_ll_sdmmc.o
    0x08006940   0x08006940   0x00000016   Code   RO         4970    i.SDMMC_PowerState_ON  stm32l4xx_ll_sdmmc.o
    0x08006956   0x08006956   0x00000008   Code   RO         4971    i.SDMMC_ReadFIFO    stm32l4xx_ll_sdmmc.o
    0x0800695e   0x0800695e   0x00000002   PAD
    0x08006960   0x08006960   0x0000002c   Code   RO         4972    i.SDMMC_SendCommand  stm32l4xx_ll_sdmmc.o
    0x0800698c   0x0800698c   0x0000000c   Code   RO         4974    i.SDMMC_WriteFIFO   stm32l4xx_ll_sdmmc.o
    0x08006998   0x08006998   0x00000028   Code   RO          642    i.SD_CheckStatus    sd_diskio.o
    0x080069c0   0x080069c0   0x00000140   Code   RO         4626    i.SD_FindSCR        stm32l4xx_hal_sd.o
    0x08006b00   0x08006b00   0x000000ec   Code   RO         4628    i.SD_InitCard       stm32l4xx_hal_sd.o
    0x08006bec   0x08006bec   0x0000018c   Code   RO         4630    i.SD_PowerON        stm32l4xx_hal_sd.o
    0x08006d78   0x08006d78   0x0000004a   Code   RO         4631    i.SD_Read_IT        stm32l4xx_hal_sd.o
    0x08006dc2   0x08006dc2   0x00000002   PAD
    0x08006dc4   0x08006dc4   0x00000128   Code   RO         4632    i.SD_SendSDStatus   stm32l4xx_hal_sd.o
    0x08006eec   0x08006eec   0x00000030   Code   RO         4633    i.SD_SendStatus     stm32l4xx_hal_sd.o
    0x08006f1c   0x08006f1c   0x00000068   Code   RO         4635    i.SD_WideBus_Disable  stm32l4xx_hal_sd.o
    0x08006f84   0x08006f84   0x00000068   Code   RO         4636    i.SD_WideBus_Enable  stm32l4xx_hal_sd.o
    0x08006fec   0x08006fec   0x00000054   Code   RO         4637    i.SD_Write_IT       stm32l4xx_hal_sd.o
    0x08007040   0x08007040   0x00000024   Code   RO          643    i.SD_initialize     sd_diskio.o
    0x08007064   0x08007064   0x0000006c   Code   RO          644    i.SD_ioctl          sd_diskio.o
    0x080070d0   0x080070d0   0x0000002e   Code   RO          645    i.SD_read           sd_diskio.o
    0x080070fe   0x080070fe   0x0000000c   Code   RO          646    i.SD_status         sd_diskio.o
    0x0800710a   0x0800710a   0x00000046   Code   RO          647    i.SD_write          sd_diskio.o
    0x08007150   0x08007150   0x00000002   Code   RO          300    i.SVC_Handler       stm32l4xx_it.o
    0x08007152   0x08007152   0x00000008   Code   RO          301    i.SysTick_Handler   stm32l4xx_it.o
    0x0800715a   0x0800715a   0x00000002   PAD
    0x0800715c   0x0800715c   0x000000e4   Code   RO           14    i.SystemClock_Config  main.o
    0x08007240   0x08007240   0x00000050   Code   RO         5233    i.SystemInit        system_stm32l4xx.o
    0x08007290   0x08007290   0x00000004   Code   RO          302    i.UsageFault_Handler  stm32l4xx_it.o
    0x08007294   0x08007294   0x00000030   Code   RO         6178    i.__ARM_fpclassify  m_wm.l(fpclassify.o)
    0x080072c4   0x080072c4   0x00000010   Code   RO         4403    i.__NVIC_GetPriorityGrouping  stm32l4xx_hal_cortex.o
    0x080072d4   0x080072d4   0x00000028   Code   RO         4404    i.__NVIC_SetPriority  stm32l4xx_hal_cortex.o
    0x080072fc   0x080072fc   0x00000004   PAD
    0x08007300   0x08007300   0x000000c8   Code   RO         6045    i.__hardfp_cos      m_wm.l(cos.o)
    0x080073c8   0x080073c8   0x0000003a   Code   RO         6057    i.__hardfp_sqrtf    m_wm.l(sqrtf.o)
    0x08007402   0x08007402   0x00000006   PAD
    0x08007408   0x08007408   0x0000043e   Code   RO         6129    i.__ieee754_rem_pio2  m_wm.l(rred.o)
    0x08007846   0x08007846   0x00000002   PAD
    0x08007848   0x08007848   0x00000170   Code   RO         6112    i.__kernel_cos      m_wm.l(cos_i.o)
    0x080079b8   0x080079b8   0x000000f8   Code   RO         6180    i.__kernel_poly     m_wm.l(poly.o)
    0x08007ab0   0x08007ab0   0x00000148   Code   RO         6134    i.__kernel_sin      m_wm.l(sin_i.o)
    0x08007bf8   0x08007bf8   0x00000014   Code   RO         6116    i.__mathlib_dbl_infnan  m_wm.l(dunder.o)
    0x08007c0c   0x08007c0c   0x00000004   PAD
    0x08007c10   0x08007c10   0x00000020   Code   RO         6118    i.__mathlib_dbl_invalid  m_wm.l(dunder.o)
    0x08007c30   0x08007c30   0x00000020   Code   RO         6121    i.__mathlib_dbl_underflow  m_wm.l(dunder.o)
    0x08007c50   0x08007c50   0x0000000e   Code   RO         6202    i.__scatterload_copy  mc_w.l(handlers.o)
    0x08007c5e   0x08007c5e   0x00000002   Code   RO         6203    i.__scatterload_null  mc_w.l(handlers.o)
    0x08007c60   0x08007c60   0x0000000e   Code   RO         6204    i.__scatterload_zeroinit  mc_w.l(handlers.o)
    0x08007c6e   0x08007c6e   0x00000002   PAD
    0x08007c70   0x08007c70   0x0000000c   Code   RO         6162    i.__set_errno       mc_w.l(errno.o)
    0x08007c7c   0x08007c7c   0x00000054   Code   RO          790    i.block_task        scheduler.o
    0x08007cd0   0x08007cd0   0x00000060   Code   RO          866    i.calcCoreDist      optics.o
    0x08007d30   0x08007d30   0x000000e0   Code   RO           15    i.calc_FFT          main.o
    0x08007e10   0x08007e10   0x00000542   Code   RO           16    i.calc_optics       main.o
    0x08008352   0x08008352   0x0000008a   Code   RO         5324    i.change_bitmap     ff.o
    0x080083dc   0x080083dc   0x00000090   Code   RO          791    i.check_blocking    scheduler.o
    0x0800846c   0x0800846c   0x0000009c   Code   RO         5325    i.check_fs          ff.o
    0x08008508   0x08008508   0x00000044   Code   RO          792    i.check_new         scheduler.o
    0x0800854c   0x0800854c   0x00000014   Code   RO         5326    i.chk_chr           ff.o
    0x08008560   0x08008560   0x0000001a   Code   RO         5327    i.clust2sect        ff.o
    0x0800857a   0x0800857a   0x00000002   PAD
    0x0800857c   0x0800857c   0x00000098   Code   RO         5328    i.cmp_lfn           ff.o
    0x08008614   0x08008614   0x00000188   Code   RO         5329    i.create_chain      ff.o
    0x0800879c   0x0800879c   0x00000236   Code   RO         5330    i.create_name       ff.o
    0x080089d2   0x080089d2   0x00000092   Code   RO         5331    i.create_xdir       ff.o
    0x08008a64   0x08008a64   0x0000007c   Code   RO         5332    i.dir_alloc         ff.o
    0x08008ae0   0x08008ae0   0x000001ae   Code   RO         5333    i.dir_find          ff.o
    0x08008c8e   0x08008c8e   0x00000120   Code   RO         5334    i.dir_next          ff.o
    0x08008dae   0x08008dae   0x000000fe   Code   RO         5335    i.dir_read          ff.o
    0x08008eac   0x08008eac   0x00000222   Code   RO         5336    i.dir_register      ff.o
    0x080090ce   0x080090ce   0x000000aa   Code   RO         5337    i.dir_sdi           ff.o
    0x08009178   0x08009178   0x0000002c   Code   RO         5269    i.disk_initialize   diskio.o
    0x080091a4   0x080091a4   0x00000028   Code   RO         5270    i.disk_ioctl        diskio.o
    0x080091cc   0x080091cc   0x00000030   Code   RO         5271    i.disk_read         diskio.o
    0x080091fc   0x080091fc   0x0000001c   Code   RO         5272    i.disk_status       diskio.o
    0x08009218   0x08009218   0x00000030   Code   RO         5273    i.disk_write        diskio.o
    0x08009248   0x08009248   0x0000005c   Code   RO         5339    i.f_mount           ff.o
    0x080092a4   0x080092a4   0x00000364   Code   RO         5340    i.f_open            ff.o
    0x08009608   0x08009608   0x000001ea   Code   RO         5341    i.f_read            ff.o
    0x080097f2   0x080097f2   0x0000017e   Code   RO         5342    i.f_sync            ff.o
    0x08009970   0x08009970   0x000002a0   Code   RO         5344    i.f_write_DMA       ff.o
    0x08009c10   0x08009c10   0x00000018   Code   RO         6174    i.fabs              m_wm.l(fabs.o)
    0x08009c28   0x08009c28   0x00000384   Code   RO          867    i.featureExtraction  optics.o
    0x08009fac   0x08009fac   0x0000004c   Code   RO         5674    i.ff_convert        ccsbcs.o
    0x08009ff8   0x08009ff8   0x000000a4   Code   RO         5675    i.ff_wtoupper       ccsbcs.o
    0x0800a09c   0x0800a09c   0x00000036   Code   RO         5345    i.fill_first_frag   ff.o
    0x0800a0d2   0x0800a0d2   0x00000044   Code   RO         5346    i.fill_last_frag    ff.o
    0x0800a116   0x0800a116   0x000000aa   Code   RO         5347    i.find_bitmap       ff.o
    0x0800a1c0   0x0800a1c0   0x00000324   Code   RO           17    i.find_peaks        main.o
    0x0800a4e4   0x0800a4e4   0x0000047a   Code   RO         5348    i.find_volume       ff.o
    0x0800a95e   0x0800a95e   0x000000e4   Code   RO         5349    i.follow_path       ff.o
    0x0800aa42   0x0800aa42   0x00000002   PAD
    0x0800aa44   0x0800aa44   0x000000ba   Code   RO         5350    i.gen_numname       ff.o
    0x0800aafe   0x0800aafe   0x00000002   PAD
    0x0800ab00   0x0800ab00   0x00000054   Code   RO          868    i.getClusterIndices  optics.o
    0x0800ab54   0x0800ab54   0x000000d4   Code   RO          869    i.getNeighbors      optics.o
    0x0800ac28   0x0800ac28   0x00000024   Code   RO          870    i.getUnproces       optics.o
    0x0800ac4c   0x0800ac4c   0x0000018c   Code   RO         5351    i.get_fat           ff.o
    0x0800add8   0x0800add8   0x00000004   Code   RO          606    i.get_fattime       fatfs.o
    0x0800addc   0x0800addc   0x00000048   Code   RO         5352    i.get_ldnumber      ff.o
    0x0800ae24   0x0800ae24   0x00000652   Code   RO          871    i.gradientClustering  optics.o
    0x0800b476   0x0800b476   0x00000016   Code   RO          872    i.gradientDet       optics.o
    0x0800b48c   0x0800b48c   0x0000005c   Code   RO          873    i.inflectionIndex   optics.o
    0x0800b4e8   0x0800b4e8   0x000001d0   Code   RO           18    i.init              main.o
    0x0800b6b8   0x0800b6b8   0x00000044   Code   RO          793    i.init_buffer       scheduler.o
    0x0800b6fc   0x0800b6fc   0x00000026   Code   RO         5353    i.ld_clust          ff.o
    0x0800b722   0x0800b722   0x00000018   Code   RO         5354    i.ld_dword          ff.o
    0x0800b73a   0x0800b73a   0x00000062   Code   RO         5355    i.ld_qword          ff.o
    0x0800b79c   0x0800b79c   0x0000000c   Code   RO         5356    i.ld_word           ff.o
    0x0800b7a8   0x0800b7a8   0x0000003c   Code   RO         5357    i.load_obj_dir      ff.o
    0x0800b7e4   0x0800b7e4   0x00000102   Code   RO         5358    i.load_xdir         ff.o
    0x0800b8e6   0x0800b8e6   0x00000002   PAD
    0x0800b8e8   0x0800b8e8   0x000003e0   Code   RO           19    i.main              main.o
    0x0800bcc8   0x0800bcc8   0x0000006c   Code   RO         6081    i.malloc            mc_w.l(malloc.o)
    0x0800bd34   0x0800bd34   0x00000024   Code   RO         5359    i.mem_cmp           ff.o
    0x0800bd58   0x0800bd58   0x0000001a   Code   RO         5360    i.mem_cpy           ff.o
    0x0800bd72   0x0800bd72   0x00000012   Code   RO         5361    i.mem_set           ff.o
    0x0800bd84   0x0800bd84   0x00000034   Code   RO         5362    i.move_window       ff.o
    0x0800bdb8   0x0800bdb8   0x00000048   Code   RO          794    i.new_to_queue      scheduler.o
    0x0800be00   0x0800be00   0x00000196   Code   RO          874    i.optics            optics.o
    0x0800bf96   0x0800bf96   0x00000002   PAD
    0x0800bf98   0x0800bf98   0x00000224   Code   RO          875    i.opticsMerging     optics.o
    0x0800c1bc   0x0800c1bc   0x00000088   Code   RO         5363    i.pick_lfn          ff.o
    0x0800c244   0x0800c244   0x00000144   Code   RO         5364    i.put_fat           ff.o
    0x0800c388   0x0800c388   0x00000080   Code   RO         5365    i.put_lfn           ff.o
    0x0800c408   0x0800c408   0x0000007c   Code   RO          795    i.queue_task        scheduler.o
    0x0800c484   0x0800c484   0x000000f8   Code   RO          876    i.quicksort         optics.o
    0x0800c57c   0x0800c57c   0x000000d0   Code   RO           20    i.read_ev           main.o
    0x0800c64c   0x0800c64c   0x000000d2   Code   RO          796    i.read_from_buffer  scheduler.o
    0x0800c71e   0x0800c71e   0x00000114   Code   RO         5366    i.remove_chain      ff.o
    0x0800c832   0x0800c832   0x00000002   PAD
    0x0800c834   0x0800c834   0x000000a8   Code   RO          797    i.run_scheduler     scheduler.o
    0x0800c8dc   0x0800c8dc   0x0000006c   Code   RO          877    i.sortSeeds         optics.o
    0x0800c948   0x0800c948   0x00000024   Code   RO         5367    i.st_clust          ff.o
    0x0800c96c   0x0800c96c   0x00000018   Code   RO         5368    i.st_dword          ff.o
    0x0800c984   0x0800c984   0x0000005c   Code   RO         5369    i.st_qword          ff.o
    0x0800c9e0   0x0800c9e0   0x0000000c   Code   RO         5370    i.st_word           ff.o
    0x0800c9ec   0x0800c9ec   0x00000072   Code   RO         5371    i.store_xdir        ff.o
    0x0800ca5e   0x0800ca5e   0x00000020   Code   RO         5372    i.sum_sfn           ff.o
    0x0800ca7e   0x0800ca7e   0x00000030   Code   RO           22    i.sync_SD           main.o
    0x0800caae   0x0800caae   0x00000002   PAD
    0x0800cab0   0x0800cab0   0x00000090   Code   RO         5373    i.sync_fs           ff.o
    0x0800cb40   0x0800cb40   0x00000052   Code   RO         5374    i.sync_window       ff.o
    0x0800cb92   0x0800cb92   0x00000002   PAD
    0x0800cb94   0x0800cb94   0x000000c4   Code   RO          878    i.update            optics.o
    0x0800cc58   0x0800cc58   0x0000003c   Code   RO         5375    i.validate          ff.o
    0x0800cc94   0x0800cc94   0x00000040   Code   RO          879    i.vectAbs           optics.o
    0x0800ccd4   0x0800ccd4   0x00000122   Code   RO           23    i.write_SD          main.o
    0x0800cdf6   0x0800cdf6   0x00000002   PAD
    0x0800cdf8   0x0800cdf8   0x000000a4   Code   RO           24    i.write_buffs       main.o
    0x0800ce9c   0x0800ce9c   0x000000d0   Code   RO           25    i.write_sigfox      main.o
    0x0800cf6c   0x0800cf6c   0x0000018a   Code   RO          798    i.write_to_buffer   scheduler.o
    0x0800d0f6   0x0800d0f6   0x0000003a   Code   RO         5376    i.xdir_sum          ff.o
    0x0800d130   0x0800d130   0x0000004c   Code   RO         5377    i.xname_sum         ff.o
    0x0800d17c   0x0800d17c   0x00000168   Data   RO           27    .constdata          main.o
    0x0800d2e4   0x0800d2e4   0x00000014   Data   RO          648    .constdata          sd_diskio.o
    0x0800d2f8   0x0800d2f8   0x00000048   Data   RO         5234    .constdata          system_stm32l4xx.o
    0x0800d340   0x0800d340   0x0000008d   Data   RO         5379    .constdata          ff.o
    0x0800d3cd   0x0800d3cd   0x00000001   PAD
    0x0800d3ce   0x0800d3ce   0x000003ae   Data   RO         5676    .constdata          ccsbcs.o
    0x0800d77c   0x0800d77c   0x00000004   PAD
    0x0800d780   0x0800d780   0x00000030   Data   RO         6113    .constdata          m_wm.l(cos_i.o)
    0x0800d7b0   0x0800d7b0   0x000000c8   Data   RO         6131    .constdata          m_wm.l(rred.o)
    0x0800d878   0x0800d878   0x00000028   Data   RO         6135    .constdata          m_wm.l(sin_i.o)
    0x0800d8a0   0x0800d8a0   0x00000e10   Data   RO         5880    .rodata.armBitRevIndexTable1024  arm_cortexM4lf_math.lib(arm_common_tables.o)
    0x0800e6b0   0x0800e6b0   0x000001a0   Data   RO         5877    .rodata.armBitRevIndexTable128  arm_cortexM4lf_math.lib(arm_common_tables.o)
    0x0800e850   0x0800e850   0x00000028   Data   RO         5874    .rodata.armBitRevIndexTable16  arm_cortexM4lf_math.lib(arm_common_tables.o)
    0x0800e878   0x0800e878   0x00001dc0   Data   RO         5881    .rodata.armBitRevIndexTable2048  arm_cortexM4lf_math.lib(arm_common_tables.o)
    0x08010638   0x08010638   0x00000370   Data   RO         5878    .rodata.armBitRevIndexTable256  arm_cortexM4lf_math.lib(arm_common_tables.o)
    0x080109a8   0x080109a8   0x00000060   Data   RO         5875    .rodata.armBitRevIndexTable32  arm_cortexM4lf_math.lib(arm_common_tables.o)
    0x08010a08   0x08010a08   0x00001f80   Data   RO         5882    .rodata.armBitRevIndexTable4096  arm_cortexM4lf_math.lib(arm_common_tables.o)
    0x08012988   0x08012988   0x00000380   Data   RO         5879    .rodata.armBitRevIndexTable512  arm_cortexM4lf_math.lib(arm_common_tables.o)
    0x08012d08   0x08012d08   0x00000070   Data   RO         5876    .rodata.armBitRevIndexTable64  arm_cortexM4lf_math.lib(arm_common_tables.o)
    0x08012d78   0x08012d78   0x00000010   Data   RO         5986    .rodata.arm_cfft_sR_f32_len1024  arm_cortexM4lf_math.lib(arm_const_structs.o)
    0x08012d88   0x08012d88   0x00000010   Data   RO         5983    .rodata.arm_cfft_sR_f32_len128  arm_cortexM4lf_math.lib(arm_const_structs.o)
    0x08012d98   0x08012d98   0x00000010   Data   RO         5980    .rodata.arm_cfft_sR_f32_len16  arm_cortexM4lf_math.lib(arm_const_structs.o)
    0x08012da8   0x08012da8   0x00000010   Data   RO         5987    .rodata.arm_cfft_sR_f32_len2048  arm_cortexM4lf_math.lib(arm_const_structs.o)
    0x08012db8   0x08012db8   0x00000010   Data   RO         5984    .rodata.arm_cfft_sR_f32_len256  arm_cortexM4lf_math.lib(arm_const_structs.o)
    0x08012dc8   0x08012dc8   0x00000010   Data   RO         5981    .rodata.arm_cfft_sR_f32_len32  arm_cortexM4lf_math.lib(arm_const_structs.o)
    0x08012dd8   0x08012dd8   0x00000010   Data   RO         5988    .rodata.arm_cfft_sR_f32_len4096  arm_cortexM4lf_math.lib(arm_const_structs.o)
    0x08012de8   0x08012de8   0x00000010   Data   RO         5985    .rodata.arm_cfft_sR_f32_len512  arm_cortexM4lf_math.lib(arm_const_structs.o)
    0x08012df8   0x08012df8   0x00000010   Data   RO         5982    .rodata.arm_cfft_sR_f32_len64  arm_cortexM4lf_math.lib(arm_const_structs.o)
    0x08012e08   0x08012e08   0x00002000   Data   RO         5844    .rodata.twiddleCoef_1024  arm_cortexM4lf_math.lib(arm_common_tables.o)
    0x08014e08   0x08014e08   0x00000400   Data   RO         5841    .rodata.twiddleCoef_128  arm_cortexM4lf_math.lib(arm_common_tables.o)
    0x08015208   0x08015208   0x00000080   Data   RO         5838    .rodata.twiddleCoef_16  arm_cortexM4lf_math.lib(arm_common_tables.o)
    0x08015288   0x08015288   0x00004000   Data   RO         5845    .rodata.twiddleCoef_2048  arm_cortexM4lf_math.lib(arm_common_tables.o)
    0x08019288   0x08019288   0x00000800   Data   RO         5842    .rodata.twiddleCoef_256  arm_cortexM4lf_math.lib(arm_common_tables.o)
    0x08019a88   0x08019a88   0x00000100   Data   RO         5839    .rodata.twiddleCoef_32  arm_cortexM4lf_math.lib(arm_common_tables.o)
    0x08019b88   0x08019b88   0x00008000   Data   RO         5846    .rodata.twiddleCoef_4096  arm_cortexM4lf_math.lib(arm_common_tables.o)
    0x08021b88   0x08021b88   0x00001000   Data   RO         5843    .rodata.twiddleCoef_512  arm_cortexM4lf_math.lib(arm_common_tables.o)
    0x08022b88   0x08022b88   0x00000200   Data   RO         5840    .rodata.twiddleCoef_64  arm_cortexM4lf_math.lib(arm_common_tables.o)
    0x08022d88   0x08022d88   0x00001000   Data   RO         5905    .rodata.twiddleCoef_rfft_1024  arm_cortexM4lf_math.lib(arm_common_tables.o)
    0x08023d88   0x08023d88   0x00000200   Data   RO         5902    .rodata.twiddleCoef_rfft_128  arm_cortexM4lf_math.lib(arm_common_tables.o)
    0x08023f88   0x08023f88   0x00002000   Data   RO         5906    .rodata.twiddleCoef_rfft_2048  arm_cortexM4lf_math.lib(arm_common_tables.o)
    0x08025f88   0x08025f88   0x00000400   Data   RO         5903    .rodata.twiddleCoef_rfft_256  arm_cortexM4lf_math.lib(arm_common_tables.o)
    0x08026388   0x08026388   0x00000080   Data   RO         5900    .rodata.twiddleCoef_rfft_32  arm_cortexM4lf_math.lib(arm_common_tables.o)
    0x08026408   0x08026408   0x00004000   Data   RO         5907    .rodata.twiddleCoef_rfft_4096  arm_cortexM4lf_math.lib(arm_common_tables.o)
    0x0802a408   0x0802a408   0x00000800   Data   RO         5904    .rodata.twiddleCoef_rfft_512  arm_cortexM4lf_math.lib(arm_common_tables.o)
    0x0802ac08   0x0802ac08   0x00000100   Data   RO         5901    .rodata.twiddleCoef_rfft_64  arm_cortexM4lf_math.lib(arm_common_tables.o)
    0x0802ad08   0x0802ad08   0x00000020   Data   RO         6200    Region$$Table       anon$$obj.o


    Execution Region RW_IRAM1 (Exec base: 0x20000000, Load base: 0x0802ad28, Size: 0x00028330, Max: 0x000a0000, ABSOLUTE, COMPRESSED[0x00001464])

    Exec Addr    Load Addr    Size         Type   Attr      Idx    E Section Name        Object

    0x20000000   COMPRESSED   0x00001598   Data   RW           28    .data               main.o
    0x20001598   COMPRESSED   0x00000020   Data   RW          304    .data               stm32l4xx_it.o
    0x200015b8   COMPRESSED   0x00000005   Data   RW          608    .data               fatfs.o
    0x200015bd   COMPRESSED   0x00000001   Data   RW          649    .data               sd_diskio.o
    0x200015be   COMPRESSED   0x00000002   PAD
    0x200015c0   COMPRESSED   0x00000011   Data   RW          800    .data               scheduler.o
    0x200015d1   COMPRESSED   0x00000003   PAD
    0x200015d4   COMPRESSED   0x0000000c   Data   RW         2521    .data               stm32l4xx_hal.o
    0x200015e0   COMPRESSED   0x00000004   Data   RW         5235    .data               system_stm32l4xx.o
    0x200015e4   COMPRESSED   0x00000006   Data   RW         5380    .data               ff.o
    0x200015ea   COMPRESSED   0x00000002   PAD
    0x200015ec   COMPRESSED   0x00000004   Data   RW         6158    .data               mc_w.l(mvars.o)
    0x200015f0   COMPRESSED   0x00000004   Data   RW         6159    .data               mc_w.l(mvars.o)
    0x200015f4   COMPRESSED   0x00000004   Data   RW         6163    .data               mc_w.l(errno.o)
    0x200015f8        -       0x00006538   Zero   RW           26    .bss                main.o
    0x20007b30        -       0x00000057   Zero   RW          303    .bss                stm32l4xx_it.o
    0x20007b87   COMPRESSED   0x00000001   PAD
    0x20007b88        -       0x000001bc   Zero   RW          713    .bss                setup.o
    0x20007d44        -       0x00000380   Zero   RW          799    .bss                scheduler.o
    0x200080c4        -       0x00000460   Zero   RW         5378    .bss                ff.o
    0x20008524        -       0x0000000c   Zero   RW         5628    .bss                ff_gen_drv.o
    0x20008530        -       0x0000ff00   Zero   RW            2    HEAP                startup_stm32l4r7xx.o
    0x20018430        -       0x0000ff00   Zero   RW            1    STACK               startup_stm32l4r7xx.o


==============================================================================

Image component sizes


      Code (inc. data)   RO Data    RW Data    ZI Data      Debug   Object Name

       262         32          0          0          0       7324   bsp_driver_sd.o
       240         24        942          0          0       3155   ccsbcs.o
       208         24          0          0          0       4425   diskio.o
        32         12          0          5          0       1828   fatfs.o
     10448        112        141          6       1120      53803   ff.o
       102          6          0          0         12       1943   ff_gen_drv.o
      4992        640        360       5528      25912     994023   main.o
      4630        244          0          0          0      30933   optics.o
      1340         74          0         17        896       9022   scheduler.o
       312         16         20          1          0       5228   sd_diskio.o
      2220        182          0          0        444       8189   setup.o
        36          8        444          0     130560        924   startup_stm32l4r7xx.o
       248         38          0         12          0       6128   stm32l4xx_hal.o
       318         22          0          0          0      34971   stm32l4xx_hal_cortex.o
       510         42          0          0          0       2576   stm32l4xx_hal_gpio.o
       292         24          0          0          0       1971   stm32l4xx_hal_msp.o
        84         10          0          0          0        813   stm32l4xx_hal_pwr.o
       436         36          0          0          0       3091   stm32l4xx_hal_pwr_ex.o
      2920        132          0          0          0       8948   stm32l4xx_hal_rcc.o
      5272        114          0          0          0       7829   stm32l4xx_hal_rcc_ex.o
      5104         72          0          0          0      22251   stm32l4xx_hal_sd.o
         8          0          0          0          0       3286   stm32l4xx_hal_sd_ex.o
      1326        224          0         32         87      14184   stm32l4xx_it.o
      2294         66          0          0          0      29251   stm32l4xx_ll_sdmmc.o
        80         12         72          4          0       1481   system_stm32l4xx.o

    ----------------------------------------------------------------------
     43772       2170       2016       5612     159032    1257577   Object Totals
         0          0         32          0          0          0   (incl. Generated)
        58          4          5          7          1          0   (incl. Padding)

    ----------------------------------------------------------------------

      Code (inc. data)   RO Data    RW Data    ZI Data      Debug   Library Member Name

        68          0          0          0          0       1792   arm_bitreversal2.o
      1662          0          0          0          0       7236   arm_cfft_f32.o
       180          0          0          0          0       1283   arm_cfft_init_f32.o
      1476          4          0          0          0       5452   arm_cfft_radix8_f32.o
       340          0          0          0          0       2270   arm_cmplx_mag_f32.o
         0          0     119768          0          0       6294   arm_common_tables.o
         0          0        144          0          0       4820   arm_const_structs.o
       188          0          0          0          0       1174   arm_max_f32.o
       142          0          0          0          0       1127   arm_mult_f32.o
       430          0          0          0          0       3280   arm_rfft_fast_f32.o
       466          0          0          0          0       3844   arm_rfft_fast_init_f32.o
       102          0          0          0          0       1196   arm_scale_f32.o
       200         20          0          0          0        164   cos.o
       368         46         48          0          0        200   cos_i.o
        84         16          0          0          0        372   dunder.o
        24          0          0          0          0        124   fabs.o
        48          0          0          0          0        124   fpclassify.o
       248          0          0          0          0        152   poly.o
      1086        142        200          0          0        188   rred.o
       328         24         40          0          0        208   sin_i.o
        58          0          0          0          0        136   sqrtf.o
        94          0          0          0          0          0   __dclz77c.o
         0          0          0          0          0          0   entry.o
         0          0          0          0          0          0   entry10a.o
         0          0          0          0          0          0   entry11a.o
         8          4          0          0          0          0   entry2.o
         4          0          0          0          0          0   entry5.o
         0          0          0          0          0          0   entry7b.o
         0          0          0          0          0          0   entry8b.o
         8          4          0          0          0          0   entry9a.o
        12          6          0          4          0         68   errno.o
        30          0          0          0          0          0   handlers.o
        36          8          0          0          0         68   init.o
         0          0          0          0          0          0   iusefp.o
        30          0          0          0          0         68   llshl.o
        36          0          0          0          0         68   llsshr.o
        32          0          0          0          0         68   llushr.o
       108         16          0          0          0         84   malloc.o
        36          0          0          0          0         68   memcpya.o
        36          0          0          0          0        108   memseta.o
         0          0          0          8          0          0   mvars.o
       104          0          0          0          0         92   uldiv.o
        56          0          0          0          0         88   d2f.o
       350          0          0          0          0        148   dadd.o
       222          0          0          0          0        100   ddiv.o
       186          0          0          0          0        176   depilogue.o
        62          0          0          0          0         80   dfixi.o
        34          0          0          0          0         76   dflti.o
        26          0          0          0          0         76   dfltui.o
       234          0          0          0          0         96   dmul.o
        38          0          0          0          0         68   f2d.o
       110          0          0          0          0        168   fepilogue.o

    ----------------------------------------------------------------------
      9412        290     120200         12          0      43204   Library Totals
        22          0          0          0          0          0   (incl. Padding)

    ----------------------------------------------------------------------

      Code (inc. data)   RO Data    RW Data    ZI Data      Debug   Library Name

      5054          4     119912          0          0      39768   arm_cortexM4lf_math.lib
      2444        248        288          0          0       1668   m_wm.l
       574         38          0         12          0        692   mc_w.l
      1318          0          0          0          0       1076   mf_w.l

    ----------------------------------------------------------------------
      9412        290     120200         12          0      43204   Library Totals

    ----------------------------------------------------------------------

==============================================================================


      Code (inc. data)   RO Data    RW Data    ZI Data      Debug   

     53184       2460     122216       5624     159032    1275889   Grand Totals
     53184       2460     122216       5220     159032    1275889   ELF Image Totals (compressed)
     53184       2460     122216       5220          0          0   ROM Totals

==============================================================================

    Total RO  Size (Code + RO Data)               175400 ( 171.29kB)
    Total RW  Size (RW Data + ZI Data)            164656 ( 160.80kB)
    Total ROM Size (Code + RO Data + RW Data)     180620 ( 176.39kB)

==============================================================================

