<html>
<body>
<pre>
<h1>µVision Build Log</h1>
<h2>Tool Versions:</h2>
IDE-Version: µVision V5.24.2.0
Copyright (C) 2017 ARM Ltd and ARM Germany GmbH. All rights reserved.
License Information: Renato Gracin, Faculty of Electrical Engineering and Computer Science of the University of Zagreb, LIC=AK1VC-R9YUY-ZFMYS-4UHF6-3FT8E-5BIHB
 
Tool Versions:
Toolchain:       MDK-ARM Professional  Version: 5.24.1
Toolchain Path:  C:\Keil_v5\ARM\ARMCC\Bin
C Compiler:      Armcc.exe V5.06 update 5 (build 528)
Assembler:       Armasm.exe V5.06 update 5 (build 528)
Linker/Locator:  ArmLink.exe V5.06 update 5 (build 528)
Library Manager: ArmAr.exe V5.06 update 5 (build 528)
Hex Converter:   FromElf.exe V5.06 update 5 (build 528)
CPU DLL:         SARMCM3.DLL V5.24.1
Dialog DLL:      DCM.DLL V1.16.0.0
Target DLL:      Segger\JL2CM3.dll V2.99.26.0
Dialog DLL:      TCM.DLL V1.32.0.0
 
<h2>Project:</h2>
C:\Users\bujak\Desktop\FER\5_godina\DIPLOMSKI_PROJEKT\DILPOMSKI_RAD\plant_AE_classification\stm32_code_changes\ADC_Comm_DMA_LP\MDK-ARM\ADC_Comm_DMA_LP.uvprojx
Project File Date:  05/26/2022

<h2>Output:</h2>
*** Using Compiler 'V5.06 update 5 (build 528)', folder: 'C:\Keil_v5\ARM\ARMCC\Bin'
Rebuild target 'UAE_config_SPI_v01'
assembling startup_stm32l4r7xx.s...
compiling sd_diskio.c...
compiling stm32l4xx_it.c...
../Src/stm32l4xx_it.c(278): warning:  #1293-D: assignment in condition
  	if (!(trig_idx = 
MA_BUF_SIZE + 2 - 
MA1_Channel1->CNDTR)){
../Src/stm32l4xx_it.c(298): warning:  #177-D: variable "sigfox_ctr"  was declared but never referenced
  	static uint32_t sigfox_ctr = 10;
../Src/stm32l4xx_it.c: 2 warnings, 0 errors
compiling stm32l4xx_hal_msp.c...
compiling optics.c...
..\Src\optics.c(183): warning:  #550-D: parameter "change"  was set but never used
  int update ( int neighCount, int seedNum, int pointIndex , int change, float distances[]){
..\Src\optics.c: 1 warning, 0 errors
compiling bsp_driver_sd.c...
compiling fatfs.c...
compiling setup.c...
compiling main.c...
../Src/main.c(306): warning:  #188-D: enumerated type mixed with another type
  	init_buffer(&pk_time_buffer, 2*
PTICS_FRAMESIZE-
PTICS_OVERLAP, 4, &optics_task , COND_NUMBER|
PTICS_FRAMESIZE);
../Src/main.c: 1 warning, 0 errors
compiling scheduler.c...
compiling stm32l4xx_hal_lptim.c...
compiling stm32l4xx_hal_ospi.c...
compiling stm32l4xx_hal_tim_ex.c...
compiling stm32l4xx_hal_tim.c...
compiling stm32l4xx_hal.c...
compiling stm32l4xx_hal_i2c.c...
compiling stm32l4xx_hal_i2c_ex.c...
compiling stm32l4xx_hal_rcc.c...
compiling stm32l4xx_hal_flash_ex.c...
compiling stm32l4xx_hal_flash.c...
compiling stm32l4xx_hal_rcc_ex.c...
compiling stm32l4xx_hal_flash_ramfunc.c...
compiling stm32l4xx_hal_gpio.c...
compiling stm32l4xx_hal_dma.c...
compiling stm32l4xx_hal_dma_ex.c...
compiling stm32l4xx_hal_pwr.c...
compiling stm32l4xx_hal_cortex.c...
compiling stm32l4xx_hal_pwr_ex.c...
compiling stm32l4xx_hal_sd.c...
compiling stm32l4xx_hal_exti.c...
compiling stm32l4xx_hal_sd_ex.c...
compiling stm32l4xx_ll_sdmmc.c...
compiling diskio.c...
compiling system_stm32l4xx.c...
compiling ff_gen_drv.c...
compiling ccsbcs.c...
compiling ff.c...
compiling syscall.c...
linking...
UAE_config_SPI_v01\UAE_config_SPI_v01.axf: Warning: L6989W: Could not apply patch sdcomp-29491-629360 to instruction VPOP     {d8-d12} at offset 0x24, instruction is within an IT block and is not the last instruction for sin_i_x.o(i.____kernel_sin$lsc).
Program Size: Code=53184 RO-data=122216 RW-data=5624 ZI-data=159032  
Finished: 0 information, 1 warning and 0 error messages.
FromELF: creating hex file...
UAE_config_SPI_v01\UAE_config_SPI_v01.hex: Warning: Q9931W: Your license for feature Keil will expire in 24 days
Finished: 0 information, 1 warning and 0 error messages.
"UAE_config_SPI_v01\UAE_config_SPI_v01.axf" - 0 Error(s), 5 Warning(s).

<h2>Software Packages used:</h2>

Package Vendor: ARM
                http://www.keil.com/pack/ARM.CMSIS.5.7.0.pack
                ARM.CMSIS.5.7.0
                CMSIS (Cortex Microcontroller Software Interface Standard)
   * Component: DSP Variant: Library Version: 1.8.0
   * Component: CORE Version: 5.4.0

Package Vendor: Keil
                http://www.keil.com/pack/Keil.STM32L4xx_DFP.2.5.0.pack
                Keil.STM32L4xx_DFP.2.5.0
                STMicroelectronics STM32L4 Series Device Support, Drivers and Examples

<h2>Collection of Component include folders:</h2>
  .\RTE\_UAE_config_SPI_v01
  C:\Keil_v5\ARM\PACK\ARM\CMSIS\5.7.0\CMSIS\Core\Include
  C:\Keil_v5\ARM\PACK\ARM\CMSIS\5.7.0\CMSIS\DSP\Include
  C:\Keil_v5\ARM\PACK\Keil\STM32L4xx_DFP\2.5.0\Drivers\CMSIS\Device\ST\STM32L4xx\Include

<h2>Collection of Component Files used:</h2>

   * Component: ARM::CMSIS:DSP:Library:1.8.0
      Library file:  CMSIS\DSP\Lib\ARM\arm_cortexM4lf_math.lib
      Include file:  CMSIS\DSP\Include\arm_math.h

   * Component: ARM::CMSIS:CORE:5.4.0
Build Time Elapsed:  00:01:22
</pre>
</body>
</html>
